Archive member included to satisfy reference by file (symbol)

libopencm3/lib/libopencm3_stm32f1.a(gpio.o)
                              src/cmsis_dap/SW_DP.o (gpio_set_mode)
libopencm3/lib/libopencm3_stm32f1.a(rcc.o)
                              src/periphery.o (rcc_clock_setup_in_hse_8mhz_out_72mhz)
libopencm3/lib/libopencm3_stm32f1.a(gpio_common_all.o)
                              src/cmsis_dap/SW_DP.o (gpio_set)
libopencm3/lib/libopencm3_stm32f1.a(i2c_common_v1.o)
                              src/periphery.o (i2c_peripheral_enable)
libopencm3/lib/libopencm3_stm32f1.a(iwdg_common_all.o)
                              src/main.o (iwdg_start)
libopencm3/lib/libopencm3_stm32f1.a(usart_common_all.o)
                              src/periphery.o (usart_set_baudrate)
libopencm3/lib/libopencm3_stm32f1.a(usart_common_f124.o)
                              libopencm3/lib/libopencm3_stm32f1.a(usart_common_all.o) (usart_send)
libopencm3/lib/libopencm3_stm32f1.a(rcc_common_all.o)
                              src/periphery.o (rcc_periph_clock_enable)
libopencm3/lib/libopencm3_stm32f1.a(flash_common_f01.o)
                              libopencm3/lib/libopencm3_stm32f1.a(rcc.o) (flash_set_ws)
libopencm3/lib/libopencm3_stm32f1.a(spi_common_all.o)
                              src/periphery.o (spi_reset)
libopencm3/lib/libopencm3_stm32f1.a(spi_common_v1.o)
                              src/periphery.o (spi_init_master)
libopencm3/lib/libopencm3_stm32f1.a(usb.o)
                              src/usb/usb.o (usbd_init)
libopencm3/lib/libopencm3_stm32f1.a(usb_control.o)
                              src/usb/usb.o (usbd_register_control_callback)
libopencm3/lib/libopencm3_stm32f1.a(usb_standard.o)
                              src/usb/usb.o (usbd_register_set_config_callback)
libopencm3/lib/libopencm3_stm32f1.a(st_usbfs_v1.o)
                              src/usb/usb.o (st_usbfs_v1_usb_driver)
libopencm3/lib/libopencm3_stm32f1.a(vector.o)
                              (reset_handler)
libopencm3/lib/libopencm3_stm32f1.a(systick.o)
                              src/cmsis_dap/DAP.o (systick_set_reload)
libopencm3/lib/libopencm3_stm32f1.a(nvic.o)
                              src/periphery.o (nvic_enable_irq)
libopencm3/lib/libopencm3_stm32f1.a(assert.o)
                              libopencm3/lib/libopencm3_stm32f1.a(rcc.o) (cm3_assert_failed)
libopencm3/lib/libopencm3_stm32f1.a(flash.o)
                              libopencm3/lib/libopencm3_stm32f1.a(flash_common_f01.o) (flash_get_status_flags)
libopencm3/lib/libopencm3_stm32f1.a(st_usbfs_core.o)
                              libopencm3/lib/libopencm3_stm32f1.a(st_usbfs_v1.o) (st_usbfs_set_address)
/usr/lib/gcc/arm-none-eabi/8.1.0/../../../../arm-none-eabi/lib/thumb/v7-m/nofp/libc_nano.a(lib_a-abs.o)
                              src/usb/usb_rw.o (abs)
/usr/lib/gcc/arm-none-eabi/8.1.0/../../../../arm-none-eabi/lib/thumb/v7-m/nofp/libc_nano.a(lib_a-atoi.o)
                              src/main.o (atoi)
/usr/lib/gcc/arm-none-eabi/8.1.0/../../../../arm-none-eabi/lib/thumb/v7-m/nofp/libc_nano.a(lib_a-bzero.o)
                              src/usb/usb_rw.o (bzero)
/usr/lib/gcc/arm-none-eabi/8.1.0/../../../../arm-none-eabi/lib/thumb/v7-m/nofp/libc_nano.a(lib_a-errno.o)
                              src/usb/usb.o (__errno)
/usr/lib/gcc/arm-none-eabi/8.1.0/../../../../arm-none-eabi/lib/thumb/v7-m/nofp/libc_nano.a(lib_a-impure.o)
                              /usr/lib/gcc/arm-none-eabi/8.1.0/../../../../arm-none-eabi/lib/thumb/v7-m/nofp/libc_nano.a(lib_a-errno.o) (_impure_ptr)
/usr/lib/gcc/arm-none-eabi/8.1.0/../../../../arm-none-eabi/lib/thumb/v7-m/nofp/libc_nano.a(lib_a-malloc.o)
                              src/main.o (malloc)
/usr/lib/gcc/arm-none-eabi/8.1.0/../../../../arm-none-eabi/lib/thumb/v7-m/nofp/libc_nano.a(lib_a-memcpy-stub.o)
                              src/cmsis_dap/DAP.o (memcpy)
/usr/lib/gcc/arm-none-eabi/8.1.0/../../../../arm-none-eabi/lib/thumb/v7-m/nofp/libc_nano.a(lib_a-memset.o)
                              /usr/lib/gcc/arm-none-eabi/8.1.0/../../../../arm-none-eabi/lib/thumb/v7-m/nofp/libc_nano.a(lib_a-bzero.o) (memset)
/usr/lib/gcc/arm-none-eabi/8.1.0/../../../../arm-none-eabi/lib/thumb/v7-m/nofp/libc_nano.a(lib_a-nano-freer.o)
                              /usr/lib/gcc/arm-none-eabi/8.1.0/../../../../arm-none-eabi/lib/thumb/v7-m/nofp/libc_nano.a(lib_a-malloc.o) (_free_r)
/usr/lib/gcc/arm-none-eabi/8.1.0/../../../../arm-none-eabi/lib/thumb/v7-m/nofp/libc_nano.a(lib_a-nano-mallocr.o)
                              /usr/lib/gcc/arm-none-eabi/8.1.0/../../../../arm-none-eabi/lib/thumb/v7-m/nofp/libc_nano.a(lib_a-malloc.o) (_malloc_r)
/usr/lib/gcc/arm-none-eabi/8.1.0/../../../../arm-none-eabi/lib/thumb/v7-m/nofp/libc_nano.a(lib_a-sbrkr.o)
                              /usr/lib/gcc/arm-none-eabi/8.1.0/../../../../arm-none-eabi/lib/thumb/v7-m/nofp/libc_nano.a(lib_a-nano-mallocr.o) (_sbrk_r)
[...]
Memory Configuration

Name             Origin             Length             Attributes
rom              0x0000000008000000 0x0000000000010000 xr
ram              0x0000000020000000 0x0000000000005000 xrw
*default*        0x0000000000000000 0xffffffffffffffff

Linker script and memory map

LOAD src/cmsis_dap/SW_DP.o
LOAD src/cmsis_dap/DAP.o
LOAD src/cmsis_dap/DAP_vendor.o
LOAD src/cmsis_dap/JTAG_DP.o
LOAD src/main.o
LOAD src/periphery.o
LOAD src/i2c.o
LOAD src/spi.o
LOAD src/uart/uart.o
LOAD src/usb/usb_rw.o
LOAD src/usb/usb.o
LOAD libopencm3/lib/libopencm3_stm32f1.a
START GROUP
LOAD /usr/lib/gcc/arm-none-eabi/8.1.0/../../../../arm-none-eabi/lib/thumb/v7-m/nofp/libc_nano.a
LOAD /usr/lib/gcc/arm-none-eabi/8.1.0/thumb/v7-m/nofp/libgcc.a
LOAD /usr/lib/gcc/arm-none-eabi/8.1.0/../../../../arm-none-eabi/lib/thumb/v7-m/nofp/libnosys.a
END GROUP
START GROUP
LOAD /usr/lib/gcc/arm-none-eabi/8.1.0/thumb/v7-m/nofp/libgcc.a
LOAD /usr/lib/gcc/arm-none-eabi/8.1.0/../../../../arm-none-eabi/lib/thumb/v7-m/nofp/libc_nano.a
END GROUP
START GROUP
LOAD /usr/lib/gcc/arm-none-eabi/8.1.0/thumb/v7-m/nofp/libgcc.a
LOAD /usr/lib/gcc/arm-none-eabi/8.1.0/../../../../arm-none-eabi/lib/thumb/v7-m/nofp/libc_nano.a
END GROUP

.text           0x0000000008000000     0x57f4
 *(.vectors)
 .vectors       0x0000000008000000      0x150 libopencm3/lib/libopencm3_stm32f1.a(vector.o)
                0x0000000008000000                vector_table
 *(.text*)
 .text.SWJ_Sequence
                0x0000000008000150       0x6c src/cmsis_dap/SW_DP.o
                0x0000000008000150                SWJ_Sequence
 .text.SWD_TransferFast
                0x00000000080001bc      0x304 src/cmsis_dap/SW_DP.o
                0x00000000080001bc                SWD_TransferFast
 .text.SWD_TransferSlow
                0x00000000080004c0      0x5dc src/cmsis_dap/SW_DP.o
                0x00000000080004c0                SWD_TransferSlow
 .text.SWD_Transfer
                0x0000000008000a9c       0x14 src/cmsis_dap/SW_DP.o
                0x0000000008000a9c                SWD_Transfer
 .text.DAP_ProcessCommand
                0x0000000008000ab0     0x143c src/cmsis_dap/DAP.o
                0x0000000008000ab0                DAP_ProcessCommand
 .text.DAP_ProcessVendorCommand
                0x0000000008001eec        0x4 src/cmsis_dap/DAP_vendor.o
                0x0000000008001eec                DAP_ProcessVendorCommand
 .text.JTAG_Sequence
                0x0000000008001ef0       0xcc src/cmsis_dap/JTAG_DP.o
                0x0000000008001ef0                JTAG_Sequence
 .text.JTAG_IR_Fast
                0x0000000008001fbc      0x128 src/cmsis_dap/JTAG_DP.o
                0x0000000008001fbc                JTAG_IR_Fast
 .text.JTAG_TransferFast
                0x00000000080020e4      0x238 src/cmsis_dap/JTAG_DP.o
                0x00000000080020e4                JTAG_TransferFast
 .text.JTAG_IR_Slow
                0x000000000800231c      0x2ac src/cmsis_dap/JTAG_DP.o
                0x000000000800231c                JTAG_IR_Slow
 .text.JTAG_TransferSlow
                0x00000000080025c8      0x4ec src/cmsis_dap/JTAG_DP.o
                0x00000000080025c8                JTAG_TransferSlow
 .text.JTAG_ReadIDCode
                0x0000000008002ab4      0x1a8 src/cmsis_dap/JTAG_DP.o
                0x0000000008002ab4                JTAG_ReadIDCode
 .text.JTAG_WriteAbort
                0x0000000008002c5c      0x2ec src/cmsis_dap/JTAG_DP.o
                0x0000000008002c5c                JTAG_WriteAbort
 .text.JTAG_IR  0x0000000008002f48       0x14 src/cmsis_dap/JTAG_DP.o
                0x0000000008002f48                JTAG_IR
 .text.JTAG_Transfer
                0x0000000008002f5c       0x14 src/cmsis_dap/JTAG_DP.o
                0x0000000008002f5c                JTAG_Transfer
 .text.usb_to_uart
                0x0000000008002f70       0x48 src/main.o
 .text.usb_command_handler
                0x0000000008002fb8      0x2bc src/main.o
 .text.sys_tick_handler
                0x0000000008003274       0x10 src/main.o
                0x0000000008003274                sys_tick_handler
 .text.startup.main
                0x0000000008003284       0x94 src/main.o
                0x0000000008003284                main
 .text.clock_setup
                0x0000000008003318       0x2c src/periphery.o
                0x0000000008003318                clock_setup
 .text.usb_setup
                0x0000000008003344       0x14 src/periphery.o
                0x0000000008003344                usb_setup
 .text.uart_setup
                0x0000000008003358       0x60 src/periphery.o
                0x0000000008003358                uart_setup
 .text.gpio_setup
                0x00000000080033b8       0x84 src/periphery.o
                0x00000000080033b8                gpio_setup
 .text.i2c_setup
                0x000000000800343c       0x58 src/periphery.o
                0x000000000800343c                i2c_setup
 .text.spi_setup
                0x0000000008003494       0x68 src/periphery.o
                0x0000000008003494                spi_setup
 .text.pwm_setup
                0x00000000080034fc       0x4c src/periphery.o
                0x00000000080034fc                pwm_setup
 .text.systick_setup
                0x0000000008003548       0x24 src/periphery.o
                0x0000000008003548                systick_setup
 .text.i2c_write_page
                0x000000000800356c       0x84 src/i2c.o
                0x000000000800356c                i2c_write_page
 .text.i2c_read_page
                0x00000000080035f0       0xb4 src/i2c.o
                0x00000000080035f0                i2c_read_page
 .text.spi_write_page
                0x00000000080036a4       0x48 src/spi.o
                0x00000000080036a4                spi_write_page
 .text.spi_read_page
                0x00000000080036ec       0x5c src/spi.o
                0x00000000080036ec                spi_read_page
 .text.usart1_isr
                0x0000000008003748       0x7c src/uart/uart.o
                0x0000000008003748                usart1_isr
 .text.uart_read
                0x00000000080037c4       0x2c src/uart/uart.o
                0x00000000080037c4                uart_read
 .text.uart_read_nonblock
                0x00000000080037f0       0x18 src/uart/uart.o
                0x00000000080037f0                uart_read_nonblock
 .text.uart_write
                0x0000000008003808       0x38 src/uart/uart.o
                0x0000000008003808                uart_write
 .text._tx_data_cb
                0x0000000008003840       0x74 src/usb/usb_rw.o
 .text._rx_data_cb
                0x00000000080038b4       0x28 src/usb/usb_rw.o
 .text._usbrw_write
                0x00000000080038dc       0xa4 src/usb/usb_rw.o
 .text.usbrw_new
                0x0000000008003980        0x8 src/usb/usb_rw.o
                0x0000000008003980                usbrw_new
 .text.usbrw_init
                0x0000000008003988       0x3c src/usb/usb_rw.o
                0x0000000008003988                usbrw_init
 .text.usbrw_read_nonblock
                0x00000000080039c4       0x10 src/usb/usb_rw.o
                0x00000000080039c4                usbrw_read_nonblock
 .text.usbrw_read
                0x00000000080039d4       0x50 src/usb/usb_rw.o
                0x00000000080039d4                usbrw_read
 .text.usbrw_write
                0x0000000008003a24      0x110 src/usb/usb_rw.o
                0x0000000008003a24                usbrw_write
 .text.usbhid_data_rx_cb
                0x0000000008003b34        0xc src/usb/usb.o
                0x0000000008003b34                usbhid_data_rx_cb
 .text.usbhid_data_tx_cb
                0x0000000008003b40        0xc src/usb/usb.o
                0x0000000008003b40                usbhid_data_tx_cb
 .text.stdout_data_rx_cb
                0x0000000008003b4c        0xc src/usb/usb.o
                0x0000000008003b4c                stdout_data_rx_cb
 .text.stdout_data_tx_cb
                0x0000000008003b58        0xc src/usb/usb.o
                0x0000000008003b58                stdout_data_tx_cb
 .text.comp_set_config
                0x0000000008003b64       0x7c src/usb/usb.o
 .text.cdcacm_control_request
                0x0000000008003be0       0x5c src/usb/usb.o
 .text._write   0x0000000008003c3c       0x28 src/usb/usb.o
                0x0000000008003c3c                _write
 .text._read    0x0000000008003c64       0x38 src/usb/usb.o
                0x0000000008003c64                _read
 .text.usb_cdcacm_init
                0x0000000008003c9c       0x90 src/usb/usb.o
                0x0000000008003c9c                usb_cdcacm_init
 .text.usb_lp_can_rx0_isr
                0x0000000008003d2c        0xc src/usb/usb.o
                0x0000000008003d2c                usb_lp_can_rx0_isr
 .text.usb_wakeup_isr
                0x0000000008003d38        0xc src/usb/usb.o
                0x0000000008003d38                usb_wakeup_isr
 .text.gpio_set_mode
                0x0000000008003d44       0x5e libopencm3/lib/libopencm3_stm32f1.a(gpio.o)
                0x0000000008003d44                gpio_set_mode
 *fill*         0x0000000008003da2        0x2 
 .text.rcc_osc_on.part.1
                0x0000000008003da4       0x10 libopencm3/lib/libopencm3_stm32f1.a(rcc.o)
 .text.rcc_is_osc_ready
                0x0000000008003db4       0x5c libopencm3/lib/libopencm3_stm32f1.a(rcc.o)
                0x0000000008003db4                rcc_is_osc_ready
 .text.rcc_wait_for_osc_ready
                0x0000000008003e10       0x10 libopencm3/lib/libopencm3_stm32f1.a(rcc.o)
                0x0000000008003e10                rcc_wait_for_osc_ready
 .text.rcc_osc_on
                0x0000000008003e20       0x54 libopencm3/lib/libopencm3_stm32f1.a(rcc.o)
                0x0000000008003e20                rcc_osc_on
 .text.rcc_set_sysclk_source
                0x0000000008003e74       0x14 libopencm3/lib/libopencm3_stm32f1.a(rcc.o)
                0x0000000008003e74                rcc_set_sysclk_source
 .text.rcc_set_pll_multiplication_factor
                0x0000000008003e88       0x14 libopencm3/lib/libopencm3_stm32f1.a(rcc.o)
                0x0000000008003e88                rcc_set_pll_multiplication_factor
 .text.rcc_set_pll_source
                0x0000000008003e9c       0x14 libopencm3/lib/libopencm3_stm32f1.a(rcc.o)
                0x0000000008003e9c                rcc_set_pll_source
 .text.rcc_set_pllxtpre
                0x0000000008003eb0       0x14 libopencm3/lib/libopencm3_stm32f1.a(rcc.o)
                0x0000000008003eb0                rcc_set_pllxtpre
 .text.rcc_set_adcpre
                0x0000000008003ec4       0x14 libopencm3/lib/libopencm3_stm32f1.a(rcc.o)
                0x0000000008003ec4                rcc_set_adcpre
 .text.rcc_set_ppre2
                0x0000000008003ed8       0x14 libopencm3/lib/libopencm3_stm32f1.a(rcc.o)
                0x0000000008003ed8                rcc_set_ppre2
 .text.rcc_set_ppre1
                0x0000000008003eec       0x14 libopencm3/lib/libopencm3_stm32f1.a(rcc.o)
                0x0000000008003eec                rcc_set_ppre1
 .text.rcc_set_hpre
                0x0000000008003f00       0x14 libopencm3/lib/libopencm3_stm32f1.a(rcc.o)
                0x0000000008003f00                rcc_set_hpre
 .text.rcc_clock_setup_in_hse_8mhz_out_72mhz
                0x0000000008003f14       0x8c libopencm3/lib/libopencm3_stm32f1.a(rcc.o)
                0x0000000008003f14                rcc_clock_setup_in_hse_8mhz_out_72mhz
 .text.gpio_set
                0x0000000008003fa0        0x4 libopencm3/lib/libopencm3_stm32f1.a(gpio_common_all.o)
                0x0000000008003fa0                gpio_set
 .text.gpio_clear
                0x0000000008003fa4        0x6 libopencm3/lib/libopencm3_stm32f1.a(gpio_common_all.o)
                0x0000000008003fa4                gpio_clear
 .text.gpio_get
                0x0000000008003faa        0x6 libopencm3/lib/libopencm3_stm32f1.a(gpio_common_all.o)
                0x0000000008003faa                gpio_get
 .text.gpio_toggle
                0x0000000008003fb0       0x12 libopencm3/lib/libopencm3_stm32f1.a(gpio_common_all.o)
                0x0000000008003fb0                gpio_toggle
 .text.gpio_port_read
                0x0000000008003fc2        0x6 libopencm3/lib/libopencm3_stm32f1.a(gpio_common_all.o)
                0x0000000008003fc2                gpio_port_read
 .text.gpio_port_write
                0x0000000008003fc8        0x4 libopencm3/lib/libopencm3_stm32f1.a(gpio_common_all.o)
                0x0000000008003fc8                gpio_port_write
 .text.i2c_peripheral_enable
                0x0000000008003fcc        0xa libopencm3/lib/libopencm3_stm32f1.a(i2c_common_v1.o)
                0x0000000008003fcc                i2c_peripheral_enable
 .text.i2c_peripheral_disable
                0x0000000008003fd6        0xa libopencm3/lib/libopencm3_stm32f1.a(i2c_common_v1.o)
                0x0000000008003fd6                i2c_peripheral_disable
 .text.i2c_send_start
                0x0000000008003fe0        0xa libopencm3/lib/libopencm3_stm32f1.a(i2c_common_v1.o)
                0x0000000008003fe0                i2c_send_start
 .text.i2c_send_stop
                0x0000000008003fea        0xa libopencm3/lib/libopencm3_stm32f1.a(i2c_common_v1.o)
                0x0000000008003fea                i2c_send_stop
 .text.i2c_set_own_7bit_slave_address
                0x0000000008003ff4        0xa libopencm3/lib/libopencm3_stm32f1.a(i2c_common_v1.o)
                0x0000000008003ff4                i2c_set_own_7bit_slave_address
 .text.i2c_set_clock_frequency
                0x0000000008003ffe        0xe libopencm3/lib/libopencm3_stm32f1.a(i2c_common_v1.o)
                0x0000000008003ffe                i2c_set_clock_frequency
 .text.i2c_send_data
                0x000000000800400c        0x4 libopencm3/lib/libopencm3_stm32f1.a(i2c_common_v1.o)
                0x000000000800400c                i2c_send_data
 .text.i2c_set_fast_mode
                0x0000000008004010        0xa libopencm3/lib/libopencm3_stm32f1.a(i2c_common_v1.o)
                0x0000000008004010                i2c_set_fast_mode
 .text.i2c_set_ccr
                0x000000000800401a        0xc libopencm3/lib/libopencm3_stm32f1.a(i2c_common_v1.o)
                0x000000000800401a                i2c_set_ccr
 .text.i2c_set_trise
                0x0000000008004026        0x4 libopencm3/lib/libopencm3_stm32f1.a(i2c_common_v1.o)
                0x0000000008004026                i2c_set_trise
 .text.i2c_send_7bit_address
                0x000000000800402a        0xa libopencm3/lib/libopencm3_stm32f1.a(i2c_common_v1.o)
                0x000000000800402a                i2c_send_7bit_address
 .text.i2c_get_data
                0x0000000008004034        0x6 libopencm3/lib/libopencm3_stm32f1.a(i2c_common_v1.o)
                0x0000000008004034                i2c_get_data
 .text.i2c_enable_ack
                0x000000000800403a        0xa libopencm3/lib/libopencm3_stm32f1.a(i2c_common_v1.o)
                0x000000000800403a                i2c_enable_ack
 .text.i2c_disable_ack
                0x0000000008004044        0xa libopencm3/lib/libopencm3_stm32f1.a(i2c_common_v1.o)
                0x0000000008004044                i2c_disable_ack
 *fill*         0x000000000800404e        0x2 
 .text.iwdg_start
                0x0000000008004050       0x10 libopencm3/lib/libopencm3_stm32f1.a(iwdg_common_all.o)
                0x0000000008004050                iwdg_start
 .text.iwdg_reset
                0x0000000008004060       0x10 libopencm3/lib/libopencm3_stm32f1.a(iwdg_common_all.o)
                0x0000000008004060                iwdg_reset
 .text.usart_set_baudrate
                0x0000000008004070       0x28 libopencm3/lib/libopencm3_stm32f1.a(usart_common_all.o)
                0x0000000008004070                usart_set_baudrate
 .text.usart_set_databits
                0x0000000008004098       0x12 libopencm3/lib/libopencm3_stm32f1.a(usart_common_all.o)
                0x0000000008004098                usart_set_databits
 .text.usart_set_stopbits
                0x00000000080040aa        0xc libopencm3/lib/libopencm3_stm32f1.a(usart_common_all.o)
                0x00000000080040aa                usart_set_stopbits
 .text.usart_set_parity
                0x00000000080040b6        0xc libopencm3/lib/libopencm3_stm32f1.a(usart_common_all.o)
                0x00000000080040b6                usart_set_parity
 .text.usart_set_mode
                0x00000000080040c2        0xc libopencm3/lib/libopencm3_stm32f1.a(usart_common_all.o)
                0x00000000080040c2                usart_set_mode
 .text.usart_set_flow_control
                0x00000000080040ce        0xc libopencm3/lib/libopencm3_stm32f1.a(usart_common_all.o)
                0x00000000080040ce                usart_set_flow_control
 .text.usart_enable
                0x00000000080040da        0xa libopencm3/lib/libopencm3_stm32f1.a(usart_common_all.o)
                0x00000000080040da                usart_enable
 .text.rcc_periph_clock_enable
                0x00000000080040e4       0x1a libopencm3/lib/libopencm3_stm32f1.a(rcc_common_all.o)
                0x00000000080040e4                rcc_periph_clock_enable
 .text.rcc_periph_reset_pulse
                0x00000000080040fe       0x22 libopencm3/lib/libopencm3_stm32f1.a(rcc_common_all.o)
                0x00000000080040fe                rcc_periph_reset_pulse
 .text.flash_set_ws
                0x0000000008004120       0x14 libopencm3/lib/libopencm3_stm32f1.a(flash_common_f01.o)
                0x0000000008004120                flash_set_ws
 .text.spi_reset
                0x0000000008004134       0x30 libopencm3/lib/libopencm3_stm32f1.a(spi_common_all.o)
                0x0000000008004134                spi_reset
 .text.spi_enable
                0x0000000008004164        0xa libopencm3/lib/libopencm3_stm32f1.a(spi_common_all.o)
                0x0000000008004164                spi_enable
 .text.spi_send
                0x000000000800416e        0xa libopencm3/lib/libopencm3_stm32f1.a(spi_common_all.o)
                0x000000000800416e                spi_send
 .text.spi_xfer
                0x0000000008004178        0xe libopencm3/lib/libopencm3_stm32f1.a(spi_common_all.o)
                0x0000000008004178                spi_xfer
 .text.spi_enable_software_slave_management
                0x0000000008004186       0x12 libopencm3/lib/libopencm3_stm32f1.a(spi_common_all.o)
                0x0000000008004186                spi_enable_software_slave_management
 .text.spi_set_nss_high
                0x0000000008004198        0xa libopencm3/lib/libopencm3_stm32f1.a(spi_common_all.o)
                0x0000000008004198                spi_set_nss_high
 .text.spi_init_master
                0x00000000080041a2       0x28 libopencm3/lib/libopencm3_stm32f1.a(spi_common_v1.o)
                0x00000000080041a2                spi_init_master
 *fill*         0x00000000080041ca        0x2 
 .text.usbd_init
                0x00000000080041cc       0x50 libopencm3/lib/libopencm3_stm32f1.a(usb.o)
                0x00000000080041cc                usbd_init
 .text.usbd_poll
                0x000000000800421c        0x8 libopencm3/lib/libopencm3_stm32f1.a(usb.o)
                0x000000000800421c                usbd_poll
 .text.usbd_ep_setup
                0x0000000008004224        0xe libopencm3/lib/libopencm3_stm32f1.a(usb.o)
                0x0000000008004224                usbd_ep_setup
 .text._usbd_reset
                0x0000000008004232       0x32 libopencm3/lib/libopencm3_stm32f1.a(usb.o)
                0x0000000008004232                _usbd_reset
 .text.usbd_ep_write_packet
                0x0000000008004264        0xe libopencm3/lib/libopencm3_stm32f1.a(usb.o)
                0x0000000008004264                usbd_ep_write_packet
 .text.usbd_ep_read_packet
                0x0000000008004272        0xe libopencm3/lib/libopencm3_stm32f1.a(usb.o)
                0x0000000008004272                usbd_ep_read_packet
 .text.usbd_ep_stall_set
                0x0000000008004280        0x8 libopencm3/lib/libopencm3_stm32f1.a(usb.o)
                0x0000000008004280                usbd_ep_stall_set
 .text.usbd_ep_stall_get
                0x0000000008004288        0x8 libopencm3/lib/libopencm3_stm32f1.a(usb.o)
                0x0000000008004288                usbd_ep_stall_get
 .text.usbd_ep_nak_set
                0x0000000008004290        0x8 libopencm3/lib/libopencm3_stm32f1.a(usb.o)
                0x0000000008004290                usbd_ep_nak_set
 .text.stall_transaction
                0x0000000008004298       0x14 libopencm3/lib/libopencm3_stm32f1.a(usb_control.o)
 .text.usb_control_recv_chunk
                0x00000000080042ac       0x3c libopencm3/lib/libopencm3_stm32f1.a(usb_control.o)
 .text.usb_control_send_chunk
                0x00000000080042e8       0x52 libopencm3/lib/libopencm3_stm32f1.a(usb_control.o)
 .text.usb_control_request_dispatch
                0x000000000800433a       0x60 libopencm3/lib/libopencm3_stm32f1.a(usb_control.o)
 .text.usb_control_setup_read
                0x000000000800439a       0x66 libopencm3/lib/libopencm3_stm32f1.a(usb_control.o)
 .text.usbd_register_control_callback
                0x0000000008004400       0x2c libopencm3/lib/libopencm3_stm32f1.a(usb_control.o)
                0x0000000008004400                usbd_register_control_callback
 .text._usbd_control_setup
                0x000000000800442c       0x70 libopencm3/lib/libopencm3_stm32f1.a(usb_control.o)
                0x000000000800442c                _usbd_control_setup
 .text._usbd_control_out
                0x000000000800449c       0x82 libopencm3/lib/libopencm3_stm32f1.a(usb_control.o)
                0x000000000800449c                _usbd_control_out
 .text._usbd_control_in
                0x000000000800451e       0x64 libopencm3/lib/libopencm3_stm32f1.a(usb_control.o)
                0x000000000800451e                _usbd_control_in
 .text.usb_standard_set_address
                0x0000000008004582       0x28 libopencm3/lib/libopencm3_stm32f1.a(usb_standard.o)
 .text.usb_standard_set_configuration
                0x00000000080045aa       0x92 libopencm3/lib/libopencm3_stm32f1.a(usb_standard.o)
 .text.usb_standard_get_configuration
                0x000000000800463c       0x22 libopencm3/lib/libopencm3_stm32f1.a(usb_standard.o)
 .text.usb_standard_get_interface
                0x000000000800465e       0x34 libopencm3/lib/libopencm3_stm32f1.a(usb_standard.o)
 .text.usb_standard_device_get_status
                0x0000000008004692       0x18 libopencm3/lib/libopencm3_stm32f1.a(usb_standard.o)
 .text.usb_standard_endpoint_get_status
                0x00000000080046aa       0x2a libopencm3/lib/libopencm3_stm32f1.a(usb_standard.o)
 .text.usb_standard_endpoint_stall
                0x00000000080046d4       0x10 libopencm3/lib/libopencm3_stm32f1.a(usb_standard.o)
 .text.usb_standard_endpoint_unstall
                0x00000000080046e4       0x10 libopencm3/lib/libopencm3_stm32f1.a(usb_standard.o)
 .text.usb_standard_set_interface
                0x00000000080046f4       0x4e libopencm3/lib/libopencm3_stm32f1.a(usb_standard.o)
 .text.usb_standard_get_descriptor
                0x0000000008004742      0x254 libopencm3/lib/libopencm3_stm32f1.a(usb_standard.o)
 .text.usb_standard_interface_get_status
                0x0000000008004996       0x18 libopencm3/lib/libopencm3_stm32f1.a(usb_standard.o)
 .text.usbd_register_set_config_callback
                0x00000000080049ae       0x24 libopencm3/lib/libopencm3_stm32f1.a(usb_standard.o)
                0x00000000080049ae                usbd_register_set_config_callback
 *fill*         0x00000000080049d2        0x2 
 .text._usbd_standard_request_device
                0x00000000080049d4       0x48 libopencm3/lib/libopencm3_stm32f1.a(usb_standard.o)
                0x00000000080049d4                _usbd_standard_request_device
 .text._usbd_standard_request_interface
                0x0000000008004a1c       0x30 libopencm3/lib/libopencm3_stm32f1.a(usb_standard.o)
                0x0000000008004a1c                _usbd_standard_request_interface
 .text._usbd_standard_request_endpoint
                0x0000000008004a4c       0x3c libopencm3/lib/libopencm3_stm32f1.a(usb_standard.o)
                0x0000000008004a4c                _usbd_standard_request_endpoint
 .text._usbd_standard_request
                0x0000000008004a88       0x30 libopencm3/lib/libopencm3_stm32f1.a(usb_standard.o)
                0x0000000008004a88                _usbd_standard_request
 .text.st_usbfs_v1_usbd_init
                0x0000000008004ab8       0x30 libopencm3/lib/libopencm3_stm32f1.a(st_usbfs_v1.o)
 .text.st_usbfs_copy_to_pm
                0x0000000008004ae8       0x18 libopencm3/lib/libopencm3_stm32f1.a(st_usbfs_v1.o)
                0x0000000008004ae8                st_usbfs_copy_to_pm
 .text.st_usbfs_copy_from_pm
                0x0000000008004b00       0x26 libopencm3/lib/libopencm3_stm32f1.a(st_usbfs_v1.o)
                0x0000000008004b00                st_usbfs_copy_from_pm
 .text.blocking_handler
                0x0000000008004b26        0x2 libopencm3/lib/libopencm3_stm32f1.a(vector.o)
                0x0000000008004b26                usart3_isr
                0x0000000008004b26                rtc_isr
                0x0000000008004b26                tim7_isr
                0x0000000008004b26                adc1_2_isr
                0x0000000008004b26                tim1_trg_com_isr
                0x0000000008004b26                usb_hp_can_tx_isr
                0x0000000008004b26                tim6_isr
                0x0000000008004b26                blocking_handler
                0x0000000008004b26                tim5_isr
                0x0000000008004b26                otg_fs_isr
                0x0000000008004b26                spi1_isr
                0x0000000008004b26                exti2_isr
                0x0000000008004b26                dma1_channel6_isr
                0x0000000008004b26                can_rx1_isr
                0x0000000008004b26                dma1_channel5_isr
                0x0000000008004b26                dma2_channel5_isr
                0x0000000008004b26                usage_fault_handler
                0x0000000008004b26                tim8_trg_com_isr
                0x0000000008004b26                can2_rx0_isr
                0x0000000008004b26                tim1_brk_isr
                0x0000000008004b26                can2_rx1_isr
                0x0000000008004b26                tim1_cc_isr
                0x0000000008004b26                sdio_isr
                0x0000000008004b26                eth_isr
                0x0000000008004b26                dma1_channel4_isr
                0x0000000008004b26                tim8_brk_isr
                0x0000000008004b26                dma2_channel4_5_isr
                0x0000000008004b26                pvd_isr
                0x0000000008004b26                rcc_isr
                0x0000000008004b26                flash_isr
                0x0000000008004b26                uart4_isr
                0x0000000008004b26                rtc_alarm_isr
                0x0000000008004b26                exti15_10_isr
                0x0000000008004b26                hard_fault_handler
                0x0000000008004b26                exti1_isr
                0x0000000008004b26                i2c1_ev_isr
                0x0000000008004b26                dma2_channel1_isr
                0x0000000008004b26                spi2_isr
                0x0000000008004b26                tim8_up_isr
                0x0000000008004b26                dma2_channel2_isr
                0x0000000008004b26                exti3_isr
                0x0000000008004b26                adc3_isr
                0x0000000008004b26                tim3_isr
                0x0000000008004b26                usart2_isr
                0x0000000008004b26                i2c2_er_isr
                0x0000000008004b26                i2c2_ev_isr
                0x0000000008004b26                uart5_isr
                0x0000000008004b26                fsmc_isr
                0x0000000008004b26                dma1_channel1_isr
                0x0000000008004b26                exti4_isr
                0x0000000008004b26                mem_manage_handler
                0x0000000008004b26                can2_tx_isr
                0x0000000008004b26                exti9_5_isr
                0x0000000008004b26                dma2_channel3_isr
                0x0000000008004b26                dma1_channel7_isr
                0x0000000008004b26                tim1_up_isr
                0x0000000008004b26                can2_sce_isr
                0x0000000008004b26                tim4_isr
                0x0000000008004b26                dma1_channel2_isr
                0x0000000008004b26                i2c1_er_isr
                0x0000000008004b26                can_sce_isr
                0x0000000008004b26                tim8_cc_isr
                0x0000000008004b26                tamper_isr
                0x0000000008004b26                eth_wkup_isr
                0x0000000008004b26                bus_fault_handler
                0x0000000008004b26                wwdg_isr
                0x0000000008004b26                dma1_channel3_isr
                0x0000000008004b26                spi3_isr
                0x0000000008004b26                tim2_isr
                0x0000000008004b26                exti0_isr
 .text.null_handler
                0x0000000008004b28        0x2 libopencm3/lib/libopencm3_stm32f1.a(vector.o)
                0x0000000008004b28                null_handler
                0x0000000008004b28                sv_call_handler
                0x0000000008004b28                pend_sv_handler
                0x0000000008004b28                debug_monitor_handler
                0x0000000008004b28                nmi_handler
 *fill*         0x0000000008004b2a        0x2 
 .text.reset_handler
                0x0000000008004b2c       0x8c libopencm3/lib/libopencm3_stm32f1.a(vector.o)
                0x0000000008004b2c                reset_handler
 .text.systick_set_reload
                0x0000000008004bb8       0x10 libopencm3/lib/libopencm3_stm32f1.a(systick.o)
                0x0000000008004bb8                systick_set_reload
 .text.systick_set_clocksource
                0x0000000008004bc8       0x18 libopencm3/lib/libopencm3_stm32f1.a(systick.o)
                0x0000000008004bc8                systick_set_clocksource
 .text.systick_interrupt_enable
                0x0000000008004be0       0x10 libopencm3/lib/libopencm3_stm32f1.a(systick.o)
                0x0000000008004be0                systick_interrupt_enable
 .text.systick_counter_enable
                0x0000000008004bf0       0x10 libopencm3/lib/libopencm3_stm32f1.a(systick.o)
                0x0000000008004bf0                systick_counter_enable
 .text.systick_counter_disable
                0x0000000008004c00       0x10 libopencm3/lib/libopencm3_stm32f1.a(systick.o)
                0x0000000008004c00                systick_counter_disable
 .text.systick_clear
                0x0000000008004c10        0xc libopencm3/lib/libopencm3_stm32f1.a(systick.o)
                0x0000000008004c10                systick_clear
 .text.nvic_enable_irq
                0x0000000008004c1c       0x1a libopencm3/lib/libopencm3_stm32f1.a(nvic.o)
                0x0000000008004c1c                nvic_enable_irq
 *fill*         0x0000000008004c36        0x2 
 .text.nvic_set_priority
                0x0000000008004c38       0x20 libopencm3/lib/libopencm3_stm32f1.a(nvic.o)
                0x0000000008004c38                nvic_set_priority
 .text.st_usbfs_set_address
                0x0000000008004c58       0x10 libopencm3/lib/libopencm3_stm32f1.a(st_usbfs_core.o)
                0x0000000008004c58                st_usbfs_set_address
 .text.st_usbfs_set_ep_rx_bufsize
                0x0000000008004c68       0x4c libopencm3/lib/libopencm3_stm32f1.a(st_usbfs_core.o)
                0x0000000008004c68                st_usbfs_set_ep_rx_bufsize
 .text.st_usbfs_ep_setup
                0x0000000008004cb4      0x124 libopencm3/lib/libopencm3_stm32f1.a(st_usbfs_core.o)
                0x0000000008004cb4                st_usbfs_ep_setup
 .text.st_usbfs_endpoints_reset
                0x0000000008004dd8       0x44 libopencm3/lib/libopencm3_stm32f1.a(st_usbfs_core.o)
                0x0000000008004dd8                st_usbfs_endpoints_reset
 .text.st_usbfs_ep_stall_set
                0x0000000008004e1c       0xbc libopencm3/lib/libopencm3_stm32f1.a(st_usbfs_core.o)
                0x0000000008004e1c                st_usbfs_ep_stall_set
 .text.st_usbfs_ep_stall_get
                0x0000000008004ed8       0x38 libopencm3/lib/libopencm3_stm32f1.a(st_usbfs_core.o)
                0x0000000008004ed8                st_usbfs_ep_stall_get
 .text.st_usbfs_ep_nak_set
                0x0000000008004f10       0x3c libopencm3/lib/libopencm3_stm32f1.a(st_usbfs_core.o)
                0x0000000008004f10                st_usbfs_ep_nak_set
 .text.st_usbfs_ep_write_packet
                0x0000000008004f4c       0x7c libopencm3/lib/libopencm3_stm32f1.a(st_usbfs_core.o)
                0x0000000008004f4c                st_usbfs_ep_write_packet
 .text.st_usbfs_ep_read_packet
                0x0000000008004fc8       0xa8 libopencm3/lib/libopencm3_stm32f1.a(st_usbfs_core.o)
                0x0000000008004fc8                st_usbfs_ep_read_packet
 .text.st_usbfs_poll
                0x0000000008005070       0xd0 libopencm3/lib/libopencm3_stm32f1.a(st_usbfs_core.o)
                0x0000000008005070                st_usbfs_poll
 .text.abs      0x0000000008005140        0x8 /usr/lib/gcc/arm-none-eabi/8.1.0/../../../../arm-none-eabi/lib/thumb/v7-m/nofp/libc_nano.a(lib_a-abs.o)
                0x0000000008005140                abs
 .text.atoi     0x0000000008005148        0x8 /usr/lib/gcc/arm-none-eabi/8.1.0/../../../../arm-none-eabi/lib/thumb/v7-m/nofp/libc_nano.a(lib_a-atoi.o)
                0x0000000008005148                atoi
 .text.bzero    0x0000000008005150        0x8 /usr/lib/gcc/arm-none-eabi/8.1.0/../../../../arm-none-eabi/lib/thumb/v7-m/nofp/libc_nano.a(lib_a-bzero.o)
                0x0000000008005150                bzero
 .text.__errno  0x0000000008005158        0xc /usr/lib/gcc/arm-none-eabi/8.1.0/../../../../arm-none-eabi/lib/thumb/v7-m/nofp/libc_nano.a(lib_a-errno.o)
                0x0000000008005158                __errno
 .text.malloc   0x0000000008005164       0x10 /usr/lib/gcc/arm-none-eabi/8.1.0/../../../../arm-none-eabi/lib/thumb/v7-m/nofp/libc_nano.a(lib_a-malloc.o)
                0x0000000008005164                malloc
 .text.free     0x0000000008005174       0x10 /usr/lib/gcc/arm-none-eabi/8.1.0/../../../../arm-none-eabi/lib/thumb/v7-m/nofp/libc_nano.a(lib_a-malloc.o)
                0x0000000008005174                free
 .text.memcpy   0x0000000008005184       0x16 /usr/lib/gcc/arm-none-eabi/8.1.0/../../../../arm-none-eabi/lib/thumb/v7-m/nofp/libc_nano.a(lib_a-memcpy-stub.o)
                0x0000000008005184                memcpy
 .text.memset   0x000000000800519a       0x10 /usr/lib/gcc/arm-none-eabi/8.1.0/../../../../arm-none-eabi/lib/thumb/v7-m/nofp/libc_nano.a(lib_a-memset.o)
                0x000000000800519a                memset
 *fill*         0x00000000080051aa        0x2 
 .text._free_r  0x00000000080051ac       0x98 /usr/lib/gcc/arm-none-eabi/8.1.0/../../../../arm-none-eabi/lib/thumb/v7-m/nofp/libc_nano.a(lib_a-nano-freer.o)
                0x00000000080051ac                _free_r
 .text._malloc_r
                0x0000000008005244       0xb4 /usr/lib/gcc/arm-none-eabi/8.1.0/../../../../arm-none-eabi/lib/thumb/v7-m/nofp/libc_nano.a(lib_a-nano-mallocr.o)
                0x0000000008005244                _malloc_r
 .text._sbrk_r  0x00000000080052f8       0x20 /usr/lib/gcc/arm-none-eabi/8.1.0/../../../../arm-none-eabi/lib/thumb/v7-m/nofp/libc_nano.a(lib_a-sbrkr.o)
                0x00000000080052f8                _sbrk_r
 .text          0x0000000008005318       0x14 /usr/lib/gcc/arm-none-eabi/8.1.0/../../../../arm-none-eabi/lib/thumb/v7-m/nofp/libc_nano.a(lib_a-strcmp.o)
                0x0000000008005318                strcmp
 .text          0x000000000800532c       0x10 /usr/lib/gcc/arm-none-eabi/8.1.0/../../../../arm-none-eabi/lib/thumb/v7-m/nofp/libc_nano.a(lib_a-strlen.o)
                0x000000000800532c                strlen
 .text._strtol_l.isra.0
                0x000000000800533c      0x104 /usr/lib/gcc/arm-none-eabi/8.1.0/../../../../arm-none-eabi/lib/thumb/v7-m/nofp/libc_nano.a(lib_a-strtol.o)
 .text.strtol   0x0000000008005440       0x2c /usr/lib/gcc/arm-none-eabi/8.1.0/../../../../arm-none-eabi/lib/thumb/v7-m/nofp/libc_nano.a(lib_a-strtol.o)
                0x0000000008005440                strtol
 .text.read     0x000000000800546c       0x14 /usr/lib/gcc/arm-none-eabi/8.1.0/../../../../arm-none-eabi/lib/thumb/v7-m/nofp/libc_nano.a(lib_a-sysread.o)
                0x000000000800546c                read
 .text.write    0x0000000008005480       0x14 /usr/lib/gcc/arm-none-eabi/8.1.0/../../../../arm-none-eabi/lib/thumb/v7-m/nofp/libc_nano.a(lib_a-syswrite.o)
                0x0000000008005480                write
 .text._write_r
                0x0000000008005494       0x24 /usr/lib/gcc/arm-none-eabi/8.1.0/../../../../arm-none-eabi/lib/thumb/v7-m/nofp/libc_nano.a(lib_a-writer.o)
                0x0000000008005494                _write_r
 .text.__locale_ctype_ptr_l
                0x00000000080054b8        0x6 /usr/lib/gcc/arm-none-eabi/8.1.0/../../../../arm-none-eabi/lib/thumb/v7-m/nofp/libc_nano.a(lib_a-locale.o)
                0x00000000080054b8                __locale_ctype_ptr_l
 .text.__ascii_mbtowc
                0x00000000080054be       0x24 /usr/lib/gcc/arm-none-eabi/8.1.0/../../../../arm-none-eabi/lib/thumb/v7-m/nofp/libc_nano.a(lib_a-mbtowc_r.o)
                0x00000000080054be                __ascii_mbtowc
 .text.__malloc_lock
                0x00000000080054e2        0x2 /usr/lib/gcc/arm-none-eabi/8.1.0/../../../../arm-none-eabi/lib/thumb/v7-m/nofp/libc_nano.a(lib_a-mlock.o)
                0x00000000080054e2                __malloc_lock
 .text.__malloc_unlock
                0x00000000080054e4        0x2 /usr/lib/gcc/arm-none-eabi/8.1.0/../../../../arm-none-eabi/lib/thumb/v7-m/nofp/libc_nano.a(lib_a-mlock.o)
                0x00000000080054e4                __malloc_unlock
 *fill*         0x00000000080054e6        0x2 
 .text._read_r  0x00000000080054e8       0x24 /usr/lib/gcc/arm-none-eabi/8.1.0/../../../../arm-none-eabi/lib/thumb/v7-m/nofp/libc_nano.a(lib_a-readr.o)
                0x00000000080054e8                _read_r
 .text.__ascii_wctomb
                0x000000000800550c       0x1a /usr/lib/gcc/arm-none-eabi/8.1.0/../../../../arm-none-eabi/lib/thumb/v7-m/nofp/libc_nano.a(lib_a-wctomb_r.o)
                0x000000000800550c                __ascii_wctomb
 *fill*         0x0000000008005526        0x2 
 .text._sbrk    0x0000000008005528       0x1c /usr/lib/gcc/arm-none-eabi/8.1.0/../../../../arm-none-eabi/lib/thumb/v7-m/nofp/libnosys.a(sbrk.o)
                0x0000000008005528                _sbrk
                0x0000000008005544                . = ALIGN (0x4)
 *(.rodata*)
 .rodata.DAP_FW_Ver
                0x0000000008005544        0x5 src/cmsis_dap/DAP.o
                0x0000000008005544                DAP_FW_Ver
 *fill*         0x0000000008005549        0x3 
 .rodata        0x000000000800554c        0xd src/main.o
 *fill*         0x0000000008005559        0x3 
 .rodata.usb_command_handler.str1.4
                0x000000000800555c        0x8 src/main.o
 .rodata.cdcacm_functional_descriptors
                0x0000000008005564       0x13 src/usb/usb.o
 *fill*         0x0000000008005577        0x1 
 .rodata.comm_endp
                0x0000000008005578        0xf src/usb/usb.o
 *fill*         0x0000000008005587        0x1 
 .rodata.comm_iface
                0x0000000008005588       0x15 src/usb/usb.o
 *fill*         0x000000000800559d        0x3 
 .rodata.config
                0x00000000080055a0        0xd src/usb/usb.o
 *fill*         0x00000000080055ad        0x3 
 .rodata.data_endp
                0x00000000080055b0       0x1e src/usb/usb.o
 *fill*         0x00000000080055ce        0x2 
 .rodata.data_iface
                0x00000000080055d0       0x15 src/usb/usb.o
 *fill*         0x00000000080055e5        0x3 
 .rodata.dev_descr
                0x00000000080055e8       0x12 src/usb/usb.o
 *fill*         0x00000000080055fa        0x2 
 .rodata.hid_endpoints
                0x00000000080055fc       0x1e src/usb/usb.o
 *fill*         0x000000000800561a        0x2 
 .rodata.hid_function
                0x000000000800561c        0x9 src/usb/usb.o
 *fill*         0x0000000008005625        0x3 
 .rodata.hid_iface
                0x0000000008005628       0x15 src/usb/usb.o
 *fill*         0x000000000800563d        0x3 
 .rodata.hid_report_descriptor
                0x0000000008005640       0x21 src/usb/usb.o
 *fill*         0x0000000008005661        0x3 
 .rodata.ifaces
                0x0000000008005664       0x30 src/usb/usb.o
 .rodata.str1.4
                0x0000000008005694       0x20 src/usb/usb.o
 .rodata.st_usbfs_v1_usb_driver
                0x00000000080056b4       0x34 libopencm3/lib/libopencm3_stm32f1.a(st_usbfs_v1.o)
                0x00000000080056b4                st_usbfs_v1_usb_driver
 .rodata._setlocale_r.str1.1
                0x00000000080056e8        0x8 /usr/lib/gcc/arm-none-eabi/8.1.0/../../../../arm-none-eabi/lib/thumb/v7-m/nofp/libc_nano.a(lib_a-locale.o)
                                          0x9 (size before relaxing)
 .rodata.str1.1
                0x00000000080056f0        0x2 /usr/lib/gcc/arm-none-eabi/8.1.0/../../../../arm-none-eabi/lib/thumb/v7-m/nofp/libc_nano.a(lib_a-locale.o)
 .rodata._ctype_
                0x00000000080056f2      0x101 /usr/lib/gcc/arm-none-eabi/8.1.0/../../../../arm-none-eabi/lib/thumb/v7-m/nofp/libc_nano.a(lib_a-ctype_.o)
                0x00000000080056f2                _ctype_
                0x00000000080057f4                . = ALIGN (0x4)
 *fill*         0x00000000080057f3        0x1 

.glue_7         0x00000000080057f4        0x0
 .glue_7        0x00000000080057f4        0x0 linker stubs

.glue_7t        0x00000000080057f4        0x0
 .glue_7t       0x00000000080057f4        0x0 linker stubs

.vfp11_veneer   0x00000000080057f4        0x0
 .vfp11_veneer  0x00000000080057f4        0x0 linker stubs

.v4_bx          0x00000000080057f4        0x0
 .v4_bx         0x00000000080057f4        0x0 linker stubs

.iplt           0x00000000080057f4        0x0
 .iplt          0x00000000080057f4        0x0 src/cmsis_dap/SW_DP.o

.rel.dyn        0x00000000080057f4        0x0
 .rel.iplt      0x00000000080057f4        0x0 src/cmsis_dap/SW_DP.o

.preinit_array  0x00000000080057f4        0x0
                0x00000000080057f4                . = ALIGN (0x4)
                0x00000000080057f4                __preinit_array_start = .
 *(.preinit_array)
                0x00000000080057f4                __preinit_array_end = .

.init_array     0x00000000080057f4        0x0
                0x00000000080057f4                . = ALIGN (0x4)
                0x00000000080057f4                __init_array_start = .
 *(SORT_BY_NAME(.init_array.*))
 *(.init_array)
                0x00000000080057f4                __init_array_end = .

.fini_array     0x00000000080057f4        0x0
                0x00000000080057f4                . = ALIGN (0x4)
                0x00000000080057f4                __fini_array_start = .
 *(.fini_array)
 *(SORT_BY_NAME(.fini_array.*))
                0x00000000080057f4                __fini_array_end = .

.ARM.extab
 *(.ARM.extab*)

.ARM.exidx      0x00000000080057f4        0x0
                0x00000000080057f4                __exidx_start = .
 *(.ARM.exidx*)
                0x00000000080057f4                __exidx_end = .
                0x00000000080057f4                . = ALIGN (0x4)
                0x00000000080057f4                _etext = .

.data           0x0000000020000000      0x1f8 load address 0x00000000080057f4
                0x0000000020000000                _data = .
 *(.data*)
 .data.pwm      0x0000000020000000       0x10 src/main.o
                0x0000000020000000                pwm
 .data.usb_strings
                0x0000000020000010        0xc src/usb/usb.o
 .data.rcc_ahb_frequency
                0x000000002000001c        0x4 libopencm3/lib/libopencm3_stm32f1.a(rcc.o)
                0x000000002000001c                rcc_ahb_frequency
 .data.rcc_apb1_frequency
                0x0000000020000020        0x4 libopencm3/lib/libopencm3_stm32f1.a(rcc.o)
                0x0000000020000020                rcc_apb1_frequency
 .data.rcc_apb2_frequency
                0x0000000020000024        0x4 libopencm3/lib/libopencm3_stm32f1.a(rcc.o)
                0x0000000020000024                rcc_apb2_frequency
 .data._impure_ptr
                0x0000000020000028        0x4 /usr/lib/gcc/arm-none-eabi/8.1.0/../../../../arm-none-eabi/lib/thumb/v7-m/nofp/libc_nano.a(lib_a-impure.o)
                0x0000000020000028                _impure_ptr
 .data.impure_data
                0x000000002000002c       0x60 /usr/lib/gcc/arm-none-eabi/8.1.0/../../../../arm-none-eabi/lib/thumb/v7-m/nofp/libc_nano.a(lib_a-impure.o)
 .data.__global_locale
                0x000000002000008c      0x16c /usr/lib/gcc/arm-none-eabi/8.1.0/../../../../arm-none-eabi/lib/thumb/v7-m/nofp/libc_nano.a(lib_a-locale.o)
                0x000000002000008c                __global_locale
                0x00000000200001f8                . = ALIGN (0x4)
                0x00000000200001f8                _edata = .
                0x00000000080057f4                _data_loadaddr = LOADADDR (.data)

.igot.plt       0x00000000200001f8        0x0 load address 0x00000000080059ec
 .igot.plt      0x00000000200001f8        0x0 src/cmsis_dap/SW_DP.o

.bss            0x00000000200001f8      0x380 load address 0x00000000080059ec
 *(.bss*)
 .bss.req.6810  0x00000000200001f8       0x40 src/main.o
 .bss.resp.6811
                0x0000000020000238       0x40 src/main.o
 .bss.time      0x0000000020000278        0x4 src/main.o
                0x0000000020000278                time
 .bss.rx_buf    0x000000002000027c       0x80 src/uart/uart.o
 .bss.rx_consume
                0x00000000200002fc        0x4 src/uart/uart.o
 .bss.rx_produce
                0x0000000020000300        0x4 src/uart/uart.o
 .bss.tx_buf    0x0000000020000304       0x80 src/uart/uart.o
 .bss.tx_consume
                0x0000000020000384        0x4 src/uart/uart.o
 .bss.tx_cts    0x0000000020000388        0x4 src/uart/uart.o
 .bss.tx_produce
                0x000000002000038c        0x4 src/uart/uart.o
 .bss.st_usbfs_dev
                0x0000000020000390       0xfc libopencm3/lib/libopencm3_stm32f1.a(st_usbfs_core.o)
                0x0000000020000390                st_usbfs_dev
 .bss.st_usbfs_force_nak
                0x000000002000048c        0x8 libopencm3/lib/libopencm3_stm32f1.a(st_usbfs_core.o)
                0x000000002000048c                st_usbfs_force_nak
 .bss.__malloc_free_list
                0x0000000020000494        0x4 /usr/lib/gcc/arm-none-eabi/8.1.0/../../../../arm-none-eabi/lib/thumb/v7-m/nofp/libc_nano.a(lib_a-nano-mallocr.o)
                0x0000000020000494                __malloc_free_list
 .bss.__malloc_sbrk_start
                0x0000000020000498        0x4 /usr/lib/gcc/arm-none-eabi/8.1.0/../../../../arm-none-eabi/lib/thumb/v7-m/nofp/libc_nano.a(lib_a-nano-mallocr.o)
                0x0000000020000498                __malloc_sbrk_start
 .bss.heap_end.4194
                0x000000002000049c        0x4 /usr/lib/gcc/arm-none-eabi/8.1.0/../../../../arm-none-eabi/lib/thumb/v7-m/nofp/libnosys.a(sbrk.o)
 *(COMMON)
 COMMON         0x00000000200004a0       0x41 src/cmsis_dap/DAP.o
                0x00000000200004a0                DAP_Data
                0x00000000200004e0                DAP_TransferAbort
 *fill*         0x00000000200004e1        0x3 
 COMMON         0x00000000200004e4        0x4 src/main.o
                0x00000000200004e4                device
 COMMON         0x00000000200004e8       0x8c src/usb/usb.o
                0x00000000200004e8                usbd_dev
                0x00000000200004ec                _stdout
                0x00000000200004f0                usbd_control_buffer
                0x0000000020000570                dap
 COMMON         0x0000000020000574        0x4 /usr/lib/gcc/arm-none-eabi/8.1.0/../../../../arm-none-eabi/lib/thumb/v7-m/nofp/libc_nano.a(lib_a-reent.o)
                0x0000000020000574                errno
                0x0000000020000578                . = ALIGN (0x4)
                0x0000000020000578                _ebss = .

/DISCARD/
 *(.eh_frame)
                0x0000000020000578                . = ALIGN (0x4)
                0x0000000020000578                end = .
                0x0000000020005000                PROVIDE (_stack = (ORIGIN (ram) + LENGTH (ram)))
OUTPUT(build/ucmp.elf elf32-littlearm)

.comment        0x0000000000000000       0x1d
 .comment       0x0000000000000000       0x1d src/cmsis_dap/SW_DP.o
                                         0x1e (size before relaxing)
 .comment       0x000000000000001d       0x1e src/cmsis_dap/DAP.o
 .comment       0x000000000000001d       0x1e src/cmsis_dap/DAP_vendor.o
 .comment       0x000000000000001d       0x1e src/cmsis_dap/JTAG_DP.o
 .comment       0x000000000000001d       0x1e src/main.o
 .comment       0x000000000000001d       0x1e src/periphery.o
 .comment       0x000000000000001d       0x1e src/i2c.o
 .comment       0x000000000000001d       0x1e src/spi.o
 .comment       0x000000000000001d       0x1e src/uart/uart.o
 .comment       0x000000000000001d       0x1e src/usb/usb_rw.o
 .comment       0x000000000000001d       0x1e src/usb/usb.o
 .comment       0x000000000000001d       0x1e libopencm3/lib/libopencm3_stm32f1.a(gpio.o)
 .comment       0x000000000000001d       0x1e libopencm3/lib/libopencm3_stm32f1.a(rcc.o)
 .comment       0x000000000000001d       0x1e libopencm3/lib/libopencm3_stm32f1.a(gpio_common_all.o)
 .comment       0x000000000000001d       0x1e libopencm3/lib/libopencm3_stm32f1.a(i2c_common_v1.o)
 .comment       0x000000000000001d       0x1e libopencm3/lib/libopencm3_stm32f1.a(iwdg_common_all.o)
 .comment       0x000000000000001d       0x1e libopencm3/lib/libopencm3_stm32f1.a(usart_common_all.o)
 .comment       0x000000000000001d       0x1e libopencm3/lib/libopencm3_stm32f1.a(rcc_common_all.o)
 .comment       0x000000000000001d       0x1e libopencm3/lib/libopencm3_stm32f1.a(flash_common_f01.o)
 .comment       0x000000000000001d       0x1e libopencm3/lib/libopencm3_stm32f1.a(spi_common_all.o)
 .comment       0x000000000000001d       0x1e libopencm3/lib/libopencm3_stm32f1.a(spi_common_v1.o)
 .comment       0x000000000000001d       0x1e libopencm3/lib/libopencm3_stm32f1.a(usb.o)
 .comment       0x000000000000001d       0x1e libopencm3/lib/libopencm3_stm32f1.a(usb_control.o)
 .comment       0x000000000000001d       0x1e libopencm3/lib/libopencm3_stm32f1.a(usb_standard.o)
 .comment       0x000000000000001d       0x1e libopencm3/lib/libopencm3_stm32f1.a(st_usbfs_v1.o)
 .comment       0x000000000000001d       0x1e libopencm3/lib/libopencm3_stm32f1.a(vector.o)
 .comment       0x000000000000001d       0x1e libopencm3/lib/libopencm3_stm32f1.a(systick.o)
 .comment       0x000000000000001d       0x1e libopencm3/lib/libopencm3_stm32f1.a(nvic.o)
 .comment       0x000000000000001d       0x1e libopencm3/lib/libopencm3_stm32f1.a(st_usbfs_core.o)

.ARM.attributes
                0x0000000000000000       0x2b
 .ARM.attributes
                0x0000000000000000       0x2d src/cmsis_dap/SW_DP.o
 .ARM.attributes
                0x000000000000002d       0x2d src/cmsis_dap/DAP.o
 .ARM.attributes
                0x000000000000005a       0x2d src/cmsis_dap/DAP_vendor.o
 .ARM.attributes
                0x0000000000000087       0x2d src/cmsis_dap/JTAG_DP.o
 .ARM.attributes
                0x00000000000000b4       0x2d src/main.o
 .ARM.attributes
                0x00000000000000e1       0x2d src/periphery.o
 .ARM.attributes
                0x000000000000010e       0x2d src/i2c.o
 .ARM.attributes
                0x000000000000013b       0x2d src/spi.o
 .ARM.attributes
                0x0000000000000168       0x2d src/uart/uart.o
 .ARM.attributes
                0x0000000000000195       0x2d src/usb/usb_rw.o
 .ARM.attributes
                0x00000000000001c2       0x2d src/usb/usb.o
 .ARM.attributes
                0x00000000000001ef       0x2d libopencm3/lib/libopencm3_stm32f1.a(gpio.o)
 .ARM.attributes
                0x000000000000021c       0x2d libopencm3/lib/libopencm3_stm32f1.a(rcc.o)
 .ARM.attributes
                0x0000000000000249       0x2d libopencm3/lib/libopencm3_stm32f1.a(gpio_common_all.o)
 .ARM.attributes
                0x0000000000000276       0x2d libopencm3/lib/libopencm3_stm32f1.a(i2c_common_v1.o)
 .ARM.attributes
                0x00000000000002a3       0x2d libopencm3/lib/libopencm3_stm32f1.a(iwdg_common_all.o)
 .ARM.attributes
                0x00000000000002d0       0x2d libopencm3/lib/libopencm3_stm32f1.a(usart_common_all.o)
 .ARM.attributes
                0x00000000000002fd       0x2d libopencm3/lib/libopencm3_stm32f1.a(rcc_common_all.o)
 .ARM.attributes
                0x000000000000032a       0x2d libopencm3/lib/libopencm3_stm32f1.a(flash_common_f01.o)
 .ARM.attributes
                0x0000000000000357       0x2d libopencm3/lib/libopencm3_stm32f1.a(spi_common_all.o)
 .ARM.attributes
                0x0000000000000384       0x2d libopencm3/lib/libopencm3_stm32f1.a(spi_common_v1.o)
 .ARM.attributes
                0x00000000000003b1       0x2d libopencm3/lib/libopencm3_stm32f1.a(usb.o)
 .ARM.attributes
                0x00000000000003de       0x2d libopencm3/lib/libopencm3_stm32f1.a(usb_control.o)
 .ARM.attributes
                0x000000000000040b       0x2d libopencm3/lib/libopencm3_stm32f1.a(usb_standard.o)
 .ARM.attributes
                0x0000000000000438       0x2d libopencm3/lib/libopencm3_stm32f1.a(st_usbfs_v1.o)
 .ARM.attributes
                0x0000000000000465       0x2d libopencm3/lib/libopencm3_stm32f1.a(vector.o)
 .ARM.attributes
                0x0000000000000492       0x2d libopencm3/lib/libopencm3_stm32f1.a(systick.o)
 .ARM.attributes
                0x00000000000004bf       0x2d libopencm3/lib/libopencm3_stm32f1.a(nvic.o)
 .ARM.attributes
                0x00000000000004ec       0x2d libopencm3/lib/libopencm3_stm32f1.a(st_usbfs_core.o)
 .ARM.attributes
                0x0000000000000519       0x2d /usr/lib/gcc/arm-none-eabi/8.1.0/../../../../arm-none-eabi/lib/thumb/v7-m/nofp/libc_nano.a(lib_a-abs.o)
 .ARM.attributes
                0x0000000000000546       0x2d /usr/lib/gcc/arm-none-eabi/8.1.0/../../../../arm-none-eabi/lib/thumb/v7-m/nofp/libc_nano.a(lib_a-atoi.o)
 .ARM.attributes
                0x0000000000000573       0x2d /usr/lib/gcc/arm-none-eabi/8.1.0/../../../../arm-none-eabi/lib/thumb/v7-m/nofp/libc_nano.a(lib_a-bzero.o)
 .ARM.attributes
                0x00000000000005a0       0x2d /usr/lib/gcc/arm-none-eabi/8.1.0/../../../../arm-none-eabi/lib/thumb/v7-m/nofp/libc_nano.a(lib_a-errno.o)
 .ARM.attributes
                0x00000000000005cd       0x2d /usr/lib/gcc/arm-none-eabi/8.1.0/../../../../arm-none-eabi/lib/thumb/v7-m/nofp/libc_nano.a(lib_a-impure.o)
 .ARM.attributes
                0x00000000000005fa       0x2d /usr/lib/gcc/arm-none-eabi/8.1.0/../../../../arm-none-eabi/lib/thumb/v7-m/nofp/libc_nano.a(lib_a-malloc.o)
 .ARM.attributes
                0x0000000000000627       0x2d /usr/lib/gcc/arm-none-eabi/8.1.0/../../../../arm-none-eabi/lib/thumb/v7-m/nofp/libc_nano.a(lib_a-memcpy-stub.o)
 .ARM.attributes
                0x0000000000000654       0x2d /usr/lib/gcc/arm-none-eabi/8.1.0/../../../../arm-none-eabi/lib/thumb/v7-m/nofp/libc_nano.a(lib_a-memset.o)
 .ARM.attributes
                0x0000000000000681       0x2d /usr/lib/gcc/arm-none-eabi/8.1.0/../../../../arm-none-eabi/lib/thumb/v7-m/nofp/libc_nano.a(lib_a-nano-freer.o)
 .ARM.attributes
                0x00000000000006ae       0x2d /usr/lib/gcc/arm-none-eabi/8.1.0/../../../../arm-none-eabi/lib/thumb/v7-m/nofp/libc_nano.a(lib_a-nano-mallocr.o)
 .ARM.attributes
                0x00000000000006db       0x2d /usr/lib/gcc/arm-none-eabi/8.1.0/../../../../arm-none-eabi/lib/thumb/v7-m/nofp/libc_nano.a(lib_a-sbrkr.o)
 .ARM.attributes
                0x0000000000000708       0x1b /usr/lib/gcc/arm-none-eabi/8.1.0/../../../../arm-none-eabi/lib/thumb/v7-m/nofp/libc_nano.a(lib_a-strcmp.o)
 .ARM.attributes
                0x0000000000000723       0x17 /usr/lib/gcc/arm-none-eabi/8.1.0/../../../../arm-none-eabi/lib/thumb/v7-m/nofp/libc_nano.a(lib_a-strlen.o)
 .ARM.attributes
                0x000000000000073a       0x2d /usr/lib/gcc/arm-none-eabi/8.1.0/../../../../arm-none-eabi/lib/thumb/v7-m/nofp/libc_nano.a(lib_a-strtol.o)
 .ARM.attributes
                0x0000000000000767       0x2d /usr/lib/gcc/arm-none-eabi/8.1.0/../../../../arm-none-eabi/lib/thumb/v7-m/nofp/libc_nano.a(lib_a-sysread.o)
 .ARM.attributes
                0x0000000000000794       0x2d /usr/lib/gcc/arm-none-eabi/8.1.0/../../../../arm-none-eabi/lib/thumb/v7-m/nofp/libc_nano.a(lib_a-syswrite.o)
 .ARM.attributes
                0x00000000000007c1       0x2d /usr/lib/gcc/arm-none-eabi/8.1.0/../../../../arm-none-eabi/lib/thumb/v7-m/nofp/libc_nano.a(lib_a-writer.o)
 .ARM.attributes
                0x00000000000007ee       0x2d /usr/lib/gcc/arm-none-eabi/8.1.0/../../../../arm-none-eabi/lib/thumb/v7-m/nofp/libc_nano.a(lib_a-locale.o)
 .ARM.attributes
                0x000000000000081b       0x2d /usr/lib/gcc/arm-none-eabi/8.1.0/../../../../arm-none-eabi/lib/thumb/v7-m/nofp/libc_nano.a(lib_a-mbtowc_r.o)
 .ARM.attributes
                0x0000000000000848       0x2d /usr/lib/gcc/arm-none-eabi/8.1.0/../../../../arm-none-eabi/lib/thumb/v7-m/nofp/libc_nano.a(lib_a-mlock.o)
 .ARM.attributes
                0x0000000000000875       0x2d /usr/lib/gcc/arm-none-eabi/8.1.0/../../../../arm-none-eabi/lib/thumb/v7-m/nofp/libc_nano.a(lib_a-readr.o)
 .ARM.attributes
                0x00000000000008a2       0x2d /usr/lib/gcc/arm-none-eabi/8.1.0/../../../../arm-none-eabi/lib/thumb/v7-m/nofp/libc_nano.a(lib_a-reent.o)
 .ARM.attributes
                0x00000000000008cf       0x2d /usr/lib/gcc/arm-none-eabi/8.1.0/../../../../arm-none-eabi/lib/thumb/v7-m/nofp/libc_nano.a(lib_a-wctomb_r.o)
 .ARM.attributes
                0x00000000000008fc       0x2d /usr/lib/gcc/arm-none-eabi/8.1.0/../../../../arm-none-eabi/lib/thumb/v7-m/nofp/libc_nano.a(lib_a-ctype_.o)
 .ARM.attributes
                0x0000000000000929       0x2d /usr/lib/gcc/arm-none-eabi/8.1.0/../../../../arm-none-eabi/lib/thumb/v7-m/nofp/libnosys.a(sbrk.o)

.debug_info     0x0000000000000000     0xb47c
 .debug_info    0x0000000000000000      0x216 libopencm3/lib/libopencm3_stm32f1.a(gpio.o)
 .debug_info    0x0000000000000216     0x125f libopencm3/lib/libopencm3_stm32f1.a(rcc.o)
 .debug_info    0x0000000000001475      0x266 libopencm3/lib/libopencm3_stm32f1.a(gpio_common_all.o)
 .debug_info    0x00000000000016db      0xc5f libopencm3/lib/libopencm3_stm32f1.a(i2c_common_v1.o)
 .debug_info    0x000000000000233a      0x16c libopencm3/lib/libopencm3_stm32f1.a(iwdg_common_all.o)
 .debug_info    0x00000000000024a6      0x531 libopencm3/lib/libopencm3_stm32f1.a(usart_common_all.o)
 .debug_info    0x00000000000029d7      0x639 libopencm3/lib/libopencm3_stm32f1.a(rcc_common_all.o)
 .debug_info    0x0000000000003010      0x2a5 libopencm3/lib/libopencm3_stm32f1.a(flash_common_f01.o)
 .debug_info    0x00000000000032b5      0xa10 libopencm3/lib/libopencm3_stm32f1.a(spi_common_all.o)
 .debug_info    0x0000000000003cc5      0x18b libopencm3/lib/libopencm3_stm32f1.a(spi_common_v1.o)
 .debug_info    0x0000000000003e50     0x17e0 libopencm3/lib/libopencm3_stm32f1.a(usb.o)
 .debug_info    0x0000000000005630     0x1932 libopencm3/lib/libopencm3_stm32f1.a(usb_control.o)
 .debug_info    0x0000000000006f62     0x1f68 libopencm3/lib/libopencm3_stm32f1.a(usb_standard.o)
 .debug_info    0x0000000000008eca      0xd96 libopencm3/lib/libopencm3_stm32f1.a(st_usbfs_v1.o)
 .debug_info    0x0000000000009c60      0x2dd libopencm3/lib/libopencm3_stm32f1.a(vector.o)
 .debug_info    0x0000000000009f3d      0x280 libopencm3/lib/libopencm3_stm32f1.a(systick.o)
 .debug_info    0x000000000000a1bd      0x251 libopencm3/lib/libopencm3_stm32f1.a(nvic.o)
 .debug_info    0x000000000000a40e     0x106e libopencm3/lib/libopencm3_stm32f1.a(st_usbfs_core.o)

.debug_abbrev   0x0000000000000000     0x24b0
 .debug_abbrev  0x0000000000000000       0xd0 libopencm3/lib/libopencm3_stm32f1.a(gpio.o)
 .debug_abbrev  0x00000000000000d0      0x2ce libopencm3/lib/libopencm3_stm32f1.a(rcc.o)
 .debug_abbrev  0x000000000000039e      0x116 libopencm3/lib/libopencm3_stm32f1.a(gpio_common_all.o)
 .debug_abbrev  0x00000000000004b4      0x31f libopencm3/lib/libopencm3_stm32f1.a(i2c_common_v1.o)
 .debug_abbrev  0x00000000000007d3       0xc1 libopencm3/lib/libopencm3_stm32f1.a(iwdg_common_all.o)
 .debug_abbrev  0x0000000000000894      0x129 libopencm3/lib/libopencm3_stm32f1.a(usart_common_all.o)
 .debug_abbrev  0x00000000000009bd      0x158 libopencm3/lib/libopencm3_stm32f1.a(rcc_common_all.o)
 .debug_abbrev  0x0000000000000b15       0xdf libopencm3/lib/libopencm3_stm32f1.a(flash_common_f01.o)
 .debug_abbrev  0x0000000000000bf4      0x1e8 libopencm3/lib/libopencm3_stm32f1.a(spi_common_all.o)
 .debug_abbrev  0x0000000000000ddc       0xe5 libopencm3/lib/libopencm3_stm32f1.a(spi_common_v1.o)
 .debug_abbrev  0x0000000000000ec1      0x333 libopencm3/lib/libopencm3_stm32f1.a(usb.o)
 .debug_abbrev  0x00000000000011f4      0x46c libopencm3/lib/libopencm3_stm32f1.a(usb_control.o)
 .debug_abbrev  0x0000000000001660      0x589 libopencm3/lib/libopencm3_stm32f1.a(usb_standard.o)
 .debug_abbrev  0x0000000000001be9      0x265 libopencm3/lib/libopencm3_stm32f1.a(st_usbfs_v1.o)
 .debug_abbrev  0x0000000000001e4e      0x145 libopencm3/lib/libopencm3_stm32f1.a(vector.o)
 .debug_abbrev  0x0000000000001f93      0x155 libopencm3/lib/libopencm3_stm32f1.a(systick.o)
 .debug_abbrev  0x00000000000020e8       0xb5 libopencm3/lib/libopencm3_stm32f1.a(nvic.o)
 .debug_abbrev  0x000000000000219d      0x313 libopencm3/lib/libopencm3_stm32f1.a(st_usbfs_core.o)

.debug_loc      0x0000000000000000     0x447e
 .debug_loc     0x0000000000000000      0x170 libopencm3/lib/libopencm3_stm32f1.a(gpio.o)
 .debug_loc     0x0000000000000170      0x558 libopencm3/lib/libopencm3_stm32f1.a(rcc.o)
 .debug_loc     0x00000000000006c8       0xbe libopencm3/lib/libopencm3_stm32f1.a(gpio_common_all.o)
 .debug_loc     0x0000000000000786      0x5b6 libopencm3/lib/libopencm3_stm32f1.a(i2c_common_v1.o)
 .debug_loc     0x0000000000000d3c      0x21d libopencm3/lib/libopencm3_stm32f1.a(iwdg_common_all.o)
 .debug_loc     0x0000000000000f59      0x206 libopencm3/lib/libopencm3_stm32f1.a(usart_common_all.o)
 .debug_loc     0x000000000000115f      0x128 libopencm3/lib/libopencm3_stm32f1.a(rcc_common_all.o)
 .debug_loc     0x0000000000001287       0xef libopencm3/lib/libopencm3_stm32f1.a(flash_common_f01.o)
 .debug_loc     0x0000000000001376      0x195 libopencm3/lib/libopencm3_stm32f1.a(spi_common_all.o)
 .debug_loc     0x000000000000150b      0x124 libopencm3/lib/libopencm3_stm32f1.a(spi_common_v1.o)
 .debug_loc     0x000000000000162f      0x544 libopencm3/lib/libopencm3_stm32f1.a(usb.o)
 .debug_loc     0x0000000000001b73      0x7c2 libopencm3/lib/libopencm3_stm32f1.a(usb_control.o)
 .debug_loc     0x0000000000002335     0x139b libopencm3/lib/libopencm3_stm32f1.a(usb_standard.o)
 .debug_loc     0x00000000000036d0      0x1b5 libopencm3/lib/libopencm3_stm32f1.a(st_usbfs_v1.o)
 .debug_loc     0x0000000000003885       0xff libopencm3/lib/libopencm3_stm32f1.a(vector.o)
 .debug_loc     0x0000000000003984      0x192 libopencm3/lib/libopencm3_stm32f1.a(systick.o)
 .debug_loc     0x0000000000003b16      0x14d libopencm3/lib/libopencm3_stm32f1.a(nvic.o)
 .debug_loc     0x0000000000003c63      0x81b libopencm3/lib/libopencm3_stm32f1.a(st_usbfs_core.o)

.debug_aranges  0x0000000000000000      0x9a8
 .debug_aranges
                0x0000000000000000       0x38 libopencm3/lib/libopencm3_stm32f1.a(gpio.o)
 .debug_aranges
                0x0000000000000038      0x158 libopencm3/lib/libopencm3_stm32f1.a(rcc.o)
 .debug_aranges
                0x0000000000000190       0x50 libopencm3/lib/libopencm3_stm32f1.a(gpio_common_all.o)
 .debug_aranges
                0x00000000000001e0      0x118 libopencm3/lib/libopencm3_stm32f1.a(i2c_common_v1.o)
 .debug_aranges
                0x00000000000002f8       0x40 libopencm3/lib/libopencm3_stm32f1.a(iwdg_common_all.o)
 .debug_aranges
                0x0000000000000338       0xb8 libopencm3/lib/libopencm3_stm32f1.a(usart_common_all.o)
 .debug_aranges
                0x00000000000003f0       0x68 libopencm3/lib/libopencm3_stm32f1.a(rcc_common_all.o)
 .debug_aranges
                0x0000000000000458       0x88 libopencm3/lib/libopencm3_stm32f1.a(flash_common_f01.o)
 .debug_aranges
                0x00000000000004e0      0x178 libopencm3/lib/libopencm3_stm32f1.a(spi_common_all.o)
 .debug_aranges
                0x0000000000000658       0x30 libopencm3/lib/libopencm3_stm32f1.a(spi_common_v1.o)
 .debug_aranges
                0x0000000000000688       0x88 libopencm3/lib/libopencm3_stm32f1.a(usb.o)
 .debug_aranges
                0x0000000000000710       0x60 libopencm3/lib/libopencm3_stm32f1.a(usb_control.o)
 .debug_aranges
                0x0000000000000770       0x98 libopencm3/lib/libopencm3_stm32f1.a(usb_standard.o)
 .debug_aranges
                0x0000000000000808       0x30 libopencm3/lib/libopencm3_stm32f1.a(st_usbfs_v1.o)
 .debug_aranges
                0x0000000000000838       0x30 libopencm3/lib/libopencm3_stm32f1.a(vector.o)
 .debug_aranges
                0x0000000000000868       0x78 libopencm3/lib/libopencm3_stm32f1.a(systick.o)
 .debug_aranges
                0x00000000000008e0       0x60 libopencm3/lib/libopencm3_stm32f1.a(nvic.o)
 .debug_aranges
                0x0000000000000940       0x68 libopencm3/lib/libopencm3_stm32f1.a(st_usbfs_core.o)

.debug_ranges   0x0000000000000000      0xab0
 .debug_ranges  0x0000000000000000       0x28 libopencm3/lib/libopencm3_stm32f1.a(gpio.o)
 .debug_ranges  0x0000000000000028      0x1b8 libopencm3/lib/libopencm3_stm32f1.a(rcc.o)
 .debug_ranges  0x00000000000001e0       0x40 libopencm3/lib/libopencm3_stm32f1.a(gpio_common_all.o)
 .debug_ranges  0x0000000000000220      0x128 libopencm3/lib/libopencm3_stm32f1.a(i2c_common_v1.o)
 .debug_ranges  0x0000000000000348       0x30 libopencm3/lib/libopencm3_stm32f1.a(iwdg_common_all.o)
 .debug_ranges  0x0000000000000378       0xa8 libopencm3/lib/libopencm3_stm32f1.a(usart_common_all.o)
 .debug_ranges  0x0000000000000420       0x58 libopencm3/lib/libopencm3_stm32f1.a(rcc_common_all.o)
 .debug_ranges  0x0000000000000478       0x78 libopencm3/lib/libopencm3_stm32f1.a(flash_common_f01.o)
 .debug_ranges  0x00000000000004f0      0x168 libopencm3/lib/libopencm3_stm32f1.a(spi_common_all.o)
 .debug_ranges  0x0000000000000658       0x20 libopencm3/lib/libopencm3_stm32f1.a(spi_common_v1.o)
 .debug_ranges  0x0000000000000678       0x78 libopencm3/lib/libopencm3_stm32f1.a(usb.o)
 .debug_ranges  0x00000000000006f0       0x88 libopencm3/lib/libopencm3_stm32f1.a(usb_control.o)
 .debug_ranges  0x0000000000000778      0x100 libopencm3/lib/libopencm3_stm32f1.a(usb_standard.o)
 .debug_ranges  0x0000000000000878       0x20 libopencm3/lib/libopencm3_stm32f1.a(st_usbfs_v1.o)
 .debug_ranges  0x0000000000000898       0x20 libopencm3/lib/libopencm3_stm32f1.a(vector.o)
 .debug_ranges  0x00000000000008b8       0x80 libopencm3/lib/libopencm3_stm32f1.a(systick.o)
 .debug_ranges  0x0000000000000938       0x50 libopencm3/lib/libopencm3_stm32f1.a(nvic.o)
 .debug_ranges  0x0000000000000988      0x128 libopencm3/lib/libopencm3_stm32f1.a(st_usbfs_core.o)

.debug_macro    0x0000000000000000     0x5cec
 .debug_macro   0x0000000000000000       0xb9 libopencm3/lib/libopencm3_stm32f1.a(gpio.o)
 .debug_macro   0x00000000000000b9      0xa84 libopencm3/lib/libopencm3_stm32f1.a(gpio.o)
 .debug_macro   0x0000000000000b3d       0x22 libopencm3/lib/libopencm3_stm32f1.a(gpio.o)
 .debug_macro   0x0000000000000b5f       0x56 libopencm3/lib/libopencm3_stm32f1.a(gpio.o)
 .debug_macro   0x0000000000000bb5       0x51 libopencm3/lib/libopencm3_stm32f1.a(gpio.o)
 .debug_macro   0x0000000000000c06       0xef libopencm3/lib/libopencm3_stm32f1.a(gpio.o)
 .debug_macro   0x0000000000000cf5       0x6a libopencm3/lib/libopencm3_stm32f1.a(gpio.o)
 .debug_macro   0x0000000000000d5f      0x1df libopencm3/lib/libopencm3_stm32f1.a(gpio.o)
 .debug_macro   0x0000000000000f3e       0x22 libopencm3/lib/libopencm3_stm32f1.a(gpio.o)
 .debug_macro   0x0000000000000f60       0xfa libopencm3/lib/libopencm3_stm32f1.a(gpio.o)
 .debug_macro   0x000000000000105a       0x58 libopencm3/lib/libopencm3_stm32f1.a(gpio.o)
 .debug_macro   0x00000000000010b2      0x1b4 libopencm3/lib/libopencm3_stm32f1.a(gpio.o)
 .debug_macro   0x0000000000001266       0x76 libopencm3/lib/libopencm3_stm32f1.a(gpio.o)
 .debug_macro   0x00000000000012dc      0xdfd libopencm3/lib/libopencm3_stm32f1.a(gpio.o)
 .debug_macro   0x00000000000020d9       0xe0 libopencm3/lib/libopencm3_stm32f1.a(rcc.o)
 .debug_macro   0x00000000000021b9       0x16 libopencm3/lib/libopencm3_stm32f1.a(rcc.o)
 .debug_macro   0x00000000000021cf      0x82c libopencm3/lib/libopencm3_stm32f1.a(rcc.o)
 .debug_macro   0x00000000000029fb       0xdc libopencm3/lib/libopencm3_stm32f1.a(rcc.o)
 .debug_macro   0x0000000000002ad7       0x82 libopencm3/lib/libopencm3_stm32f1.a(rcc.o)
 .debug_macro   0x0000000000002b59       0xb9 libopencm3/lib/libopencm3_stm32f1.a(gpio_common_all.o)
 .debug_macro   0x0000000000002c12       0xdb libopencm3/lib/libopencm3_stm32f1.a(i2c_common_v1.o)
 .debug_macro   0x0000000000002ced      0x16d libopencm3/lib/libopencm3_stm32f1.a(i2c_common_v1.o)
 .debug_macro   0x0000000000002e5a      0x327 libopencm3/lib/libopencm3_stm32f1.a(i2c_common_v1.o)
 .debug_macro   0x0000000000003181       0xc6 libopencm3/lib/libopencm3_stm32f1.a(iwdg_common_all.o)
 .debug_macro   0x0000000000003247       0x70 libopencm3/lib/libopencm3_stm32f1.a(iwdg_common_all.o)
 .debug_macro   0x00000000000032b7       0xdb libopencm3/lib/libopencm3_stm32f1.a(usart_common_all.o)
 .debug_macro   0x0000000000003392       0x94 libopencm3/lib/libopencm3_stm32f1.a(usart_common_all.o)
 .debug_macro   0x0000000000003426      0x29e libopencm3/lib/libopencm3_stm32f1.a(usart_common_all.o)
 .debug_macro   0x00000000000036c4       0xcf libopencm3/lib/libopencm3_stm32f1.a(rcc_common_all.o)
 .debug_macro   0x0000000000003793       0xb9 libopencm3/lib/libopencm3_stm32f1.a(flash_common_f01.o)
 .debug_macro   0x000000000000384c       0xd5 libopencm3/lib/libopencm3_stm32f1.a(spi_common_all.o)
 .debug_macro   0x0000000000003921      0x2eb libopencm3/lib/libopencm3_stm32f1.a(spi_common_all.o)
 .debug_macro   0x0000000000003c0c       0x16 libopencm3/lib/libopencm3_stm32f1.a(spi_common_all.o)
 .debug_macro   0x0000000000003c22       0xd5 libopencm3/lib/libopencm3_stm32f1.a(spi_common_v1.o)
 .debug_macro   0x0000000000003cf7      0x149 libopencm3/lib/libopencm3_stm32f1.a(usb.o)
 .debug_macro   0x0000000000003e40       0x4c libopencm3/lib/libopencm3_stm32f1.a(usb.o)
 .debug_macro   0x0000000000003e8c       0x18 libopencm3/lib/libopencm3_stm32f1.a(usb.o)
 .debug_macro   0x0000000000003ea4       0x5c libopencm3/lib/libopencm3_stm32f1.a(usb.o)
 .debug_macro   0x0000000000003f00       0x35 libopencm3/lib/libopencm3_stm32f1.a(usb.o)
 .debug_macro   0x0000000000003f35       0x34 libopencm3/lib/libopencm3_stm32f1.a(usb.o)
 .debug_macro   0x0000000000003f69       0x57 libopencm3/lib/libopencm3_stm32f1.a(usb.o)
 .debug_macro   0x0000000000003fc0       0x52 libopencm3/lib/libopencm3_stm32f1.a(usb.o)
 .debug_macro   0x0000000000004012       0x1f libopencm3/lib/libopencm3_stm32f1.a(usb.o)
 .debug_macro   0x0000000000004031       0x43 libopencm3/lib/libopencm3_stm32f1.a(usb.o)
 .debug_macro   0x0000000000004074       0x20 libopencm3/lib/libopencm3_stm32f1.a(usb.o)
 .debug_macro   0x0000000000004094      0x18e libopencm3/lib/libopencm3_stm32f1.a(usb.o)
 .debug_macro   0x0000000000004222      0x353 libopencm3/lib/libopencm3_stm32f1.a(usb.o)
 .debug_macro   0x0000000000004575       0x10 libopencm3/lib/libopencm3_stm32f1.a(usb.o)
 .debug_macro   0x0000000000004585       0x35 libopencm3/lib/libopencm3_stm32f1.a(usb.o)
 .debug_macro   0x00000000000045ba      0x196 libopencm3/lib/libopencm3_stm32f1.a(usb.o)
 .debug_macro   0x0000000000004750       0x10 libopencm3/lib/libopencm3_stm32f1.a(usb.o)
 .debug_macro   0x0000000000004760       0x1c libopencm3/lib/libopencm3_stm32f1.a(usb.o)
 .debug_macro   0x000000000000477c      0x157 libopencm3/lib/libopencm3_stm32f1.a(usb_control.o)
 .debug_macro   0x00000000000048d3       0x16 libopencm3/lib/libopencm3_stm32f1.a(usb_control.o)
 .debug_macro   0x00000000000048e9      0x10e libopencm3/lib/libopencm3_stm32f1.a(usb_control.o)
 .debug_macro   0x00000000000049f7       0x86 libopencm3/lib/libopencm3_stm32f1.a(usb_control.o)
 .debug_macro   0x0000000000004a7d       0x22 libopencm3/lib/libopencm3_stm32f1.a(usb_control.o)
 .debug_macro   0x0000000000004a9f      0x149 libopencm3/lib/libopencm3_stm32f1.a(usb_standard.o)
 .debug_macro   0x0000000000004be8      0x10e libopencm3/lib/libopencm3_stm32f1.a(st_usbfs_v1.o)
 .debug_macro   0x0000000000004cf6       0x3a libopencm3/lib/libopencm3_stm32f1.a(st_usbfs_v1.o)
 .debug_macro   0x0000000000004d30      0x29e libopencm3/lib/libopencm3_stm32f1.a(st_usbfs_v1.o)
 .debug_macro   0x0000000000004fce       0x28 libopencm3/lib/libopencm3_stm32f1.a(st_usbfs_v1.o)
 .debug_macro   0x0000000000004ff6      0x19c libopencm3/lib/libopencm3_stm32f1.a(st_usbfs_v1.o)
 .debug_macro   0x0000000000005192       0x10 libopencm3/lib/libopencm3_stm32f1.a(st_usbfs_v1.o)
 .debug_macro   0x00000000000051a2       0xd0 libopencm3/lib/libopencm3_stm32f1.a(vector.o)
 .debug_macro   0x0000000000005272      0x3a1 libopencm3/lib/libopencm3_stm32f1.a(vector.o)
 .debug_macro   0x0000000000005613       0x6a libopencm3/lib/libopencm3_stm32f1.a(vector.o)
 .debug_macro   0x000000000000567d      0x1a2 libopencm3/lib/libopencm3_stm32f1.a(vector.o)
 .debug_macro   0x000000000000581f       0x93 libopencm3/lib/libopencm3_stm32f1.a(systick.o)
 .debug_macro   0x00000000000058b2       0x64 libopencm3/lib/libopencm3_stm32f1.a(systick.o)
 .debug_macro   0x0000000000005916       0xb4 libopencm3/lib/libopencm3_stm32f1.a(nvic.o)
 .debug_macro   0x00000000000059ca       0x64 libopencm3/lib/libopencm3_stm32f1.a(nvic.o)
 .debug_macro   0x0000000000005a2e      0x1b0 libopencm3/lib/libopencm3_stm32f1.a(nvic.o)
 .debug_macro   0x0000000000005bde      0x10e libopencm3/lib/libopencm3_stm32f1.a(st_usbfs_core.o)

.debug_line     0x0000000000000000     0x6139
 .debug_line    0x0000000000000000      0x311 libopencm3/lib/libopencm3_stm32f1.a(gpio.o)
 .debug_line    0x0000000000000311      0xc15 libopencm3/lib/libopencm3_stm32f1.a(rcc.o)
 .debug_line    0x0000000000000f26      0x334 libopencm3/lib/libopencm3_stm32f1.a(gpio_common_all.o)
 .debug_line    0x000000000000125a      0x77a libopencm3/lib/libopencm3_stm32f1.a(i2c_common_v1.o)
 .debug_line    0x00000000000019d4      0x3c4 libopencm3/lib/libopencm3_stm32f1.a(iwdg_common_all.o)
 .debug_line    0x0000000000001d98      0x53e libopencm3/lib/libopencm3_stm32f1.a(usart_common_all.o)
 .debug_line    0x00000000000022d6      0x3b4 libopencm3/lib/libopencm3_stm32f1.a(rcc_common_all.o)
 .debug_line    0x000000000000268a      0x44a libopencm3/lib/libopencm3_stm32f1.a(flash_common_f01.o)
 .debug_line    0x0000000000002ad4      0x84a libopencm3/lib/libopencm3_stm32f1.a(spi_common_all.o)
 .debug_line    0x000000000000331e      0x2ec libopencm3/lib/libopencm3_stm32f1.a(spi_common_v1.o)
 .debug_line    0x000000000000360a      0x477 libopencm3/lib/libopencm3_stm32f1.a(usb.o)
 .debug_line    0x0000000000003a81      0x67c libopencm3/lib/libopencm3_stm32f1.a(usb_control.o)
 .debug_line    0x00000000000040fd      0xb23 libopencm3/lib/libopencm3_stm32f1.a(usb_standard.o)
 .debug_line    0x0000000000004c20      0x3aa libopencm3/lib/libopencm3_stm32f1.a(st_usbfs_v1.o)
 .debug_line    0x0000000000004fca      0x365 libopencm3/lib/libopencm3_stm32f1.a(vector.o)
 .debug_line    0x000000000000532f      0x32d libopencm3/lib/libopencm3_stm32f1.a(systick.o)
 .debug_line    0x000000000000565c      0x34a libopencm3/lib/libopencm3_stm32f1.a(nvic.o)
 .debug_line    0x00000000000059a6      0x793 libopencm3/lib/libopencm3_stm32f1.a(st_usbfs_core.o)

.debug_str      0x0000000000000000    0x17a08
 .debug_str     0x0000000000000000     0x82ed libopencm3/lib/libopencm3_stm32f1.a(gpio.o)
                                       0x848b (size before relaxing)
 .debug_str     0x00000000000082ed     0x30ad libopencm3/lib/libopencm3_stm32f1.a(rcc.o)
                                       0x7d29 (size before relaxing)
 .debug_str     0x000000000000b39a       0x7a libopencm3/lib/libopencm3_stm32f1.a(gpio_common_all.o)
                                       0x847f (size before relaxing)
 .debug_str     0x000000000000b414     0x1372 libopencm3/lib/libopencm3_stm32f1.a(i2c_common_v1.o)
                                       0x84e1 (size before relaxing)
 .debug_str     0x000000000000c786      0x276 libopencm3/lib/libopencm3_stm32f1.a(iwdg_common_all.o)
                                       0x4eca (size before relaxing)
 .debug_str     0x000000000000c9fc     0x1183 libopencm3/lib/libopencm3_stm32f1.a(usart_common_all.o)
                                       0x826b (size before relaxing)
 .debug_str     0x000000000000db7f      0x3b6 libopencm3/lib/libopencm3_stm32f1.a(rcc_common_all.o)
                                       0x76ac (size before relaxing)
 .debug_str     0x000000000000df35      0x16b libopencm3/lib/libopencm3_stm32f1.a(flash_common_f01.o)
                                       0x5524 (size before relaxing)
 .debug_str     0x000000000000e0a0     0x11d1 libopencm3/lib/libopencm3_stm32f1.a(spi_common_all.o)
                                       0x84ac (size before relaxing)
 .debug_str     0x000000000000f271       0x60 libopencm3/lib/libopencm3_stm32f1.a(spi_common_v1.o)
                                       0x7ebd (size before relaxing)
 .debug_str     0x000000000000f2d1     0x39d3 libopencm3/lib/libopencm3_stm32f1.a(usb.o)
                                       0x7dd1 (size before relaxing)
 .debug_str     0x0000000000012ca4      0x1ba libopencm3/lib/libopencm3_stm32f1.a(usb_control.o)
                                       0x7e1e (size before relaxing)
 .debug_str     0x0000000000012e5e      0x2e4 libopencm3/lib/libopencm3_stm32f1.a(usb_standard.o)
                                       0x7f51 (size before relaxing)
 .debug_str     0x0000000000013142     0x1594 libopencm3/lib/libopencm3_stm32f1.a(st_usbfs_v1.o)
                                       0x97a6 (size before relaxing)
 .debug_str     0x00000000000146d6     0x24ec libopencm3/lib/libopencm3_stm32f1.a(vector.o)
                                       0x65d3 (size before relaxing)
 .debug_str     0x0000000000016bc2      0x346 libopencm3/lib/libopencm3_stm32f1.a(systick.o)
                                       0x444b (size before relaxing)
 .debug_str     0x0000000000016f08      0x9f0 libopencm3/lib/libopencm3_stm32f1.a(nvic.o)
                                       0x52e8 (size before relaxing)
 .debug_str     0x00000000000178f8      0x110 libopencm3/lib/libopencm3_stm32f1.a(st_usbfs_core.o)
                                       0x96b9 (size before relaxing)

.debug_frame    0x0000000000000000     0x18f4
 .debug_frame   0x0000000000000000       0x60 libopencm3/lib/libopencm3_stm32f1.a(gpio.o)
 .debug_frame   0x0000000000000060      0x2e0 libopencm3/lib/libopencm3_stm32f1.a(rcc.o)
 .debug_frame   0x0000000000000340       0x80 libopencm3/lib/libopencm3_stm32f1.a(gpio_common_all.o)
 .debug_frame   0x00000000000003c0      0x238 libopencm3/lib/libopencm3_stm32f1.a(i2c_common_v1.o)
 .debug_frame   0x00000000000005f8       0x68 libopencm3/lib/libopencm3_stm32f1.a(iwdg_common_all.o)
 .debug_frame   0x0000000000000660      0x170 libopencm3/lib/libopencm3_stm32f1.a(usart_common_all.o)
 .debug_frame   0x00000000000007d0       0xd0 libopencm3/lib/libopencm3_stm32f1.a(rcc_common_all.o)
 .debug_frame   0x00000000000008a0      0x120 libopencm3/lib/libopencm3_stm32f1.a(flash_common_f01.o)
 .debug_frame   0x00000000000009c0      0x2d0 libopencm3/lib/libopencm3_stm32f1.a(spi_common_all.o)
 .debug_frame   0x0000000000000c90       0x4c libopencm3/lib/libopencm3_stm32f1.a(spi_common_v1.o)
 .debug_frame   0x0000000000000cdc      0x13c libopencm3/lib/libopencm3_stm32f1.a(usb.o)
 .debug_frame   0x0000000000000e18      0x164 libopencm3/lib/libopencm3_stm32f1.a(usb_control.o)
 .debug_frame   0x0000000000000f7c      0x1e4 libopencm3/lib/libopencm3_stm32f1.a(usb_standard.o)
 .debug_frame   0x0000000000001160       0x54 libopencm3/lib/libopencm3_stm32f1.a(st_usbfs_v1.o)
 .debug_frame   0x00000000000011b4       0x40 libopencm3/lib/libopencm3_stm32f1.a(vector.o)
 .debug_frame   0x00000000000011f4       0xd8 libopencm3/lib/libopencm3_stm32f1.a(systick.o)
 .debug_frame   0x00000000000012cc       0xa0 libopencm3/lib/libopencm3_stm32f1.a(nvic.o)
 .debug_frame   0x000000000000136c      0x114 libopencm3/lib/libopencm3_stm32f1.a(st_usbfs_core.o)
 .debug_frame   0x0000000000001480       0x20 /usr/lib/gcc/arm-none-eabi/8.1.0/../../../../arm-none-eabi/lib/thumb/v7-m/nofp/libc_nano.a(lib_a-abs.o)
 .debug_frame   0x00000000000014a0       0x30 /usr/lib/gcc/arm-none-eabi/8.1.0/../../../../arm-none-eabi/lib/thumb/v7-m/nofp/libc_nano.a(lib_a-atoi.o)
 .debug_frame   0x00000000000014d0       0x20 /usr/lib/gcc/arm-none-eabi/8.1.0/../../../../arm-none-eabi/lib/thumb/v7-m/nofp/libc_nano.a(lib_a-bzero.o)
 .debug_frame   0x00000000000014f0       0x20 /usr/lib/gcc/arm-none-eabi/8.1.0/../../../../arm-none-eabi/lib/thumb/v7-m/nofp/libc_nano.a(lib_a-errno.o)
 .debug_frame   0x0000000000001510       0x30 /usr/lib/gcc/arm-none-eabi/8.1.0/../../../../arm-none-eabi/lib/thumb/v7-m/nofp/libc_nano.a(lib_a-malloc.o)
 .debug_frame   0x0000000000001540       0x28 /usr/lib/gcc/arm-none-eabi/8.1.0/../../../../arm-none-eabi/lib/thumb/v7-m/nofp/libc_nano.a(lib_a-memcpy-stub.o)
 .debug_frame   0x0000000000001568       0x20 /usr/lib/gcc/arm-none-eabi/8.1.0/../../../../arm-none-eabi/lib/thumb/v7-m/nofp/libc_nano.a(lib_a-memset.o)
 .debug_frame   0x0000000000001588       0x38 /usr/lib/gcc/arm-none-eabi/8.1.0/../../../../arm-none-eabi/lib/thumb/v7-m/nofp/libc_nano.a(lib_a-nano-freer.o)
 .debug_frame   0x00000000000015c0       0x30 /usr/lib/gcc/arm-none-eabi/8.1.0/../../../../arm-none-eabi/lib/thumb/v7-m/nofp/libc_nano.a(lib_a-nano-mallocr.o)
 .debug_frame   0x00000000000015f0       0x2c /usr/lib/gcc/arm-none-eabi/8.1.0/../../../../arm-none-eabi/lib/thumb/v7-m/nofp/libc_nano.a(lib_a-sbrkr.o)
 .debug_frame   0x000000000000161c       0x20 /usr/lib/gcc/arm-none-eabi/8.1.0/../../../../arm-none-eabi/lib/thumb/v7-m/nofp/libc_nano.a(lib_a-strcmp.o)
 .debug_frame   0x000000000000163c       0x88 /usr/lib/gcc/arm-none-eabi/8.1.0/../../../../arm-none-eabi/lib/thumb/v7-m/nofp/libc_nano.a(lib_a-strtol.o)
 .debug_frame   0x00000000000016c4       0x20 /usr/lib/gcc/arm-none-eabi/8.1.0/../../../../arm-none-eabi/lib/thumb/v7-m/nofp/libc_nano.a(lib_a-sysread.o)
 .debug_frame   0x00000000000016e4       0x20 /usr/lib/gcc/arm-none-eabi/8.1.0/../../../../arm-none-eabi/lib/thumb/v7-m/nofp/libc_nano.a(lib_a-syswrite.o)
 .debug_frame   0x0000000000001704       0x2c /usr/lib/gcc/arm-none-eabi/8.1.0/../../../../arm-none-eabi/lib/thumb/v7-m/nofp/libc_nano.a(lib_a-writer.o)
 .debug_frame   0x0000000000001730       0x68 /usr/lib/gcc/arm-none-eabi/8.1.0/../../../../arm-none-eabi/lib/thumb/v7-m/nofp/libc_nano.a(lib_a-locale.o)
 .debug_frame   0x0000000000001798       0x48 /usr/lib/gcc/arm-none-eabi/8.1.0/../../../../arm-none-eabi/lib/thumb/v7-m/nofp/libc_nano.a(lib_a-mbtowc_r.o)
 .debug_frame   0x00000000000017e0       0x30 /usr/lib/gcc/arm-none-eabi/8.1.0/../../../../arm-none-eabi/lib/thumb/v7-m/nofp/libc_nano.a(lib_a-mlock.o)
 .debug_frame   0x0000000000001810       0x2c /usr/lib/gcc/arm-none-eabi/8.1.0/../../../../arm-none-eabi/lib/thumb/v7-m/nofp/libc_nano.a(lib_a-readr.o)
 .debug_frame   0x000000000000183c       0x5c /usr/lib/gcc/arm-none-eabi/8.1.0/../../../../arm-none-eabi/lib/thumb/v7-m/nofp/libc_nano.a(lib_a-reent.o)
 .debug_frame   0x0000000000001898       0x3c /usr/lib/gcc/arm-none-eabi/8.1.0/../../../../arm-none-eabi/lib/thumb/v7-m/nofp/libc_nano.a(lib_a-wctomb_r.o)
 .debug_frame   0x00000000000018d4       0x20 /usr/lib/gcc/arm-none-eabi/8.1.0/../../../../arm-none-eabi/lib/thumb/v7-m/nofp/libnosys.a(sbrk.o)
